Component: ARM Compiler 5.05 update 2 (build 169) Tool: armlink [4d0f33]

==============================================================================

Section Cross References

    0.o(i.control) refers to pwm.o(i.setup_pwm) for setup_pwm
    0.o(i.control) refers to pwm.o(i.stop_pwm) for stop_pwm
    0.o(i.control) refers to lcd.o(i.setup_lcd_base) for setup_lcd_base
    0.o(i.control) refers to touch.o(i.setup_touch_interface) for setup_touch_interface
    0.o(i.control) refers to menu.o(i.install_menu_machine) for install_menu_machine
    0.o(i.control) refers to adc.o(i.setup_adc) for setup_adc
    0.o(i.control) refers to timers.o(i.stop_timer_on_off) for stop_timer_on_off
    0.o(i.control) refers to menu.o(i.update_page_1) for update_page_1
    0.o(i.control) refers to menu.o(i.update_page_0) for update_page_0
    0.o(i.control) refers to menu.o(i.update_page_3) for update_page_3
    0.o(i.control) refers to 0.o(i.update_req_from_on_off_tim) for update_req_from_on_off_tim
    0.o(i.control) refers to touch.o(i.touch_read) for touch_read
    0.o(i.control) refers to touch.o(i.check_touch) for check_touch
    0.o(i.control) refers to timers.o(i.turn_on_module) for turn_on_module
    0.o(i.control) refers to timers.o(i.start_timer_on_off) for start_timer_on_off
    0.o(i.control) refers to 0.o(.bss) for stat_power
    0.o(i.control) refers to menu.o(.data) for page_1_bar
    0.o(i.main) refers to 0.o(i.control) for control
    0.o(i.update_req_from_on_off_tim) refers to timers.o(i.stop_timer_on_off) for stop_timer_on_off
    0.o(i.update_req_from_on_off_tim) refers to menu.o(i.update_page_3) for update_page_3
    0.o(i.update_req_from_on_off_tim) refers to menu.o(i.update_page_1) for update_page_1
    0.o(i.update_req_from_on_off_tim) refers to menu.o(i.update_page_0) for update_page_0
    0.o(i.update_req_from_on_off_tim) refers to 0.o(.bss) for on_off_timer
    0.o(i.update_req_from_on_off_tim) refers to menu.o(.data) for page_3_button
    pwm.o(i.setup_pwm) refers to pwm.o(i.update_pwm) for update_pwm
    lcd.o(i.cmd) refers to lcd.o(i.lcd_switch_cmd) for lcd_switch_cmd
    lcd.o(i.cmd) refers to lcd.o(i.write_lcd) for write_lcd
    lcd.o(i.copy_img_colour_bar) refers to lcd.o(.data) for high_byte_pattern
    lcd.o(i.data) refers to lcd.o(i.lcd_switch_data) for lcd_switch_data
    lcd.o(i.data) refers to lcd.o(i.write_lcd) for write_lcd
    lcd.o(i.lcd_cs_disable) refers to lcd.o(i.lcd_delay_func) for lcd_delay_func
    lcd.o(i.lcd_cs_enable) refers to lcd.o(i.lcd_delay_func) for lcd_delay_func
    lcd.o(i.lcd_set_draw_area) refers to lcd.o(i.cmd) for cmd
    lcd.o(i.lcd_set_draw_area) refers to lcd.o(i.data) for data
    lcd.o(i.print_img) refers to lcd.o(.bss) for page_lcd
    lcd.o(i.setup_lcd_base) refers to lcd.o(i.lcd_delay_func) for lcd_delay_func
    lcd.o(i.setup_lcd_base) refers to lcd.o(i.lcd_cs_enable) for lcd_cs_enable
    lcd.o(i.setup_lcd_base) refers to lcd.o(i.cmd) for cmd
    lcd.o(i.setup_lcd_base) refers to lcd.o(i.data) for data
    lcd.o(i.setup_lcd_base) refers to lcd.o(i.lcd_cs_disable) for lcd_cs_disable
    lcd.o(i.update_lcd_page) refers to lcd.o(i.lcd_cs_enable) for lcd_cs_enable
    lcd.o(i.update_lcd_page) refers to lcd.o(i.lcd_set_draw_area) for lcd_set_draw_area
    lcd.o(i.update_lcd_page) refers to lcd.o(i.cmd) for cmd
    lcd.o(i.update_lcd_page) refers to lcd.o(i.data) for data
    lcd.o(i.update_lcd_page) refers to lcd.o(i.lcd_switch_data) for lcd_switch_data
    lcd.o(i.update_lcd_page) refers to lcd.o(i.write_lcd) for write_lcd
    lcd.o(i.update_lcd_page) refers to lcd.o(i.lcd_cs_disable) for lcd_cs_disable
    lcd.o(i.update_lcd_page) refers to lcd.o(.data) for high_byte_pattern
    lcd.o(i.write_page) refers to lcd.o(i.lcd_cs_enable) for lcd_cs_enable
    lcd.o(i.write_page) refers to lcd.o(i.lcd_set_draw_area) for lcd_set_draw_area
    lcd.o(i.write_page) refers to lcd.o(i.cmd) for cmd
    lcd.o(i.write_page) refers to lcd.o(i.data) for data
    lcd.o(i.write_page) refers to lcd.o(i.lcd_switch_data) for lcd_switch_data
    lcd.o(i.write_page) refers to lcd.o(i.write_lcd) for write_lcd
    lcd.o(i.write_page) refers to lcd.o(i.lcd_cs_disable) for lcd_cs_disable
    lcd.o(i.write_page) refers to lcd.o(.data) for high_byte_pattern
    lcd.o(i.write_page_dynamic_addr) refers to lcd.o(i.lcd_cs_enable) for lcd_cs_enable
    lcd.o(i.write_page_dynamic_addr) refers to lcd.o(i.lcd_set_draw_area) for lcd_set_draw_area
    lcd.o(i.write_page_dynamic_addr) refers to lcd.o(i.cmd) for cmd
    lcd.o(i.write_page_dynamic_addr) refers to lcd.o(i.data) for data
    lcd.o(i.write_page_dynamic_addr) refers to lcd.o(i.lcd_switch_data) for lcd_switch_data
    lcd.o(i.write_page_dynamic_addr) refers to lcd.o(i.write_lcd) for write_lcd
    lcd.o(i.write_page_dynamic_addr) refers to lcd.o(i.lcd_cs_disable) for lcd_cs_disable
    lcd.o(i.write_page_dynamic_addr) refers to lcd.o(.data) for high_byte_pattern
    menu.o(i.install_menu_machine) refers to lcd.o(i.update_lcd_page) for update_lcd_page
    menu.o(i.install_menu_machine) refers to menu.o(i.update_page_3) for update_page_3
    menu.o(i.install_menu_machine) refers to menu.o(i.install_page_0) for install_page_0
    menu.o(i.install_menu_machine) refers to menu.o(i.page_1_install) for page_1_install
    menu.o(i.install_menu_machine) refers to lcd.o(.bss) for page_lcd
    menu.o(i.install_menu_machine) refers to menu.o(.data) for page_3_button
    menu.o(i.install_page_0) refers to lcd.o(i.copy_img_colour_bar) for copy_img_colour_bar
    menu.o(i.install_page_0) refers to lcd.o(i.write_page) for write_page
    menu.o(i.install_page_0) refers to circle_machine.o(i.install_page_0_time_bar) for install_page_0_time_bar
    menu.o(i.install_page_0) refers to menu.o(i.update_page_0) for update_page_0
    menu.o(i.install_page_0) refers to code.o(.constdata) for number_table_0_0
    menu.o(i.install_page_0) refers to dec_inc.o(.constdata) for number_table_timer_texts
    menu.o(i.install_page_0) refers to menu.o(.data) for page_0_switch
    menu.o(i.page_1_install) refers to menu.o(i.update_page_1) for update_page_1
    menu.o(i.page_1_install) refers to page_1_bar_time.o(i.install_bar_1_page_1) for install_bar_1_page_1
    menu.o(i.page_1_install) refers to menu.o(.data) for page_1_bar
    menu.o(i.update_page_0) refers to lcd.o(i.copy_img_colour_bar) for copy_img_colour_bar
    menu.o(i.update_page_0) refers to lcd.o(i.write_page) for write_page
    menu.o(i.update_page_0) refers to circle_machine.o(i.page_0_print_a_number) for page_0_print_a_number
    menu.o(i.update_page_0) refers to lcd.o(i.write_page_dynamic_addr) for write_page_dynamic_addr
    menu.o(i.update_page_0) refers to menu.o(.data) for page_0_switch
    menu.o(i.update_page_0) refers to code.o(.constdata) for number_table_0_1_0
    menu.o(i.update_page_0) refers to dec_inc.o(.constdata) for button_menu_0_4_5_0_colour_table
    menu.o(i.update_page_0) refers to lcd.o(.bss) for page_lcd_2
    menu.o(i.update_page_1) refers to circle_machine.o(i.cicle) for cicle
    menu.o(i.update_page_1) refers to lcd.o(i.write_page_dynamic_addr) for write_page_dynamic_addr
    menu.o(i.update_page_1) refers to page_1_bar_time.o(i.control_page_1_bar) for control_page_1_bar
    menu.o(i.update_page_1) refers to lcd.o(i.copy_img_colour_bar) for copy_img_colour_bar
    menu.o(i.update_page_1) refers to circle_machine.o(i.print_power_factor) for print_power_factor
    menu.o(i.update_page_1) refers to menu.o(.data) for page_1_bar
    menu.o(i.update_page_1) refers to lcd.o(.bss) for page_lcd
    menu.o(i.update_page_1) refers to code.o(.constdata) for number_table_1_1
    menu.o(i.update_page_1) refers to page_1_bar_time.o(.data) for ram_picture_c
    menu.o(i.update_page_3) refers to lcd.o(i.copy_img_colour_bar) for copy_img_colour_bar
    menu.o(i.update_page_3) refers to menu.o(i.update_page_3_button) for update_page_3_button
    menu.o(i.update_page_3) refers to button.o(.constdata) for number_table_page_3
    menu.o(i.update_page_3_button) refers to lcd.o(i.write_page) for write_page
    menu.o(i.update_page_3_button) refers to menu.o(.data) for page_3_button
    menu.o(i.update_page_3_button) refers to lcd.o(.data) for high_byte_pattern
    menu.o(i.update_page_3_button) refers to button.o(.constdata) for data_img_page_3_0
    circle_machine.o(i.cicle) refers to circle_machine.o(i.cos_t) for cos_t
    circle_machine.o(i.cicle) refers to circle_machine.o(i.sin_t) for sin_t
    circle_machine.o(i.cicle) refers to circle_machine.o(i.pixel) for pixel
    circle_machine.o(i.cicle) refers to circle_machine.o(.data) for colour_change
    circle_machine.o(i.cicle) refers to menu.o(.data) for page_1_bar
    circle_machine.o(i.cos_t) refers to circle_machine.o(.constdata) for sin_table
    circle_machine.o(i.draw_num_high_size_font) refers to circle_machine.o(i.pixel) for pixel
    circle_machine.o(i.draw_num_high_size_font) refers to r1.o(.constdata) for exo_2
    circle_machine.o(i.draw_num_high_size_font) refers to circle_machine.o(.data) for colour_change
    circle_machine.o(i.page_0_print_a_number) refers to circle_machine.o(i.pixel_text_func_page_0) for pixel_text_func_page_0
    circle_machine.o(i.page_0_print_a_number) refers to f34x.o(.constdata) for franklin_gothic_demi
    circle_machine.o(i.page_0_print_a_number) refers to circle_machine.o(.data) for colour_change
    circle_machine.o(i.pixel) refers to lcd.o(.bss) for page_lcd
    circle_machine.o(i.pixel) refers to circle_machine.o(.data) for colour_change
    circle_machine.o(i.pixel_text_func_page_0) refers to lcd.o(.bss) for page_lcd_2
    circle_machine.o(i.pixel_text_func_page_0) refers to circle_machine.o(.data) for colour_change
    circle_machine.o(i.print_power_factor) refers to circle_machine.o(i.draw_num_high_size_font) for draw_num_high_size_font
    circle_machine.o(i.print_power_factor) refers to menu.o(.data) for page_1_bar_text_shodow
    circle_machine.o(i.sin_t) refers to circle_machine.o(.constdata) for sin_table
    page_1_bar_time.o(i.control_page_1_bar) refers to page_1_bar_time.o(i.put_box_colour) for put_box_colour
    page_1_bar_time.o(i.control_page_1_bar) refers to lcd.o(.bss) for page_lcd
    page_1_bar_time.o(i.control_page_1_bar) refers to page_1_bar_time.o(.data) for ram_picture_c
    page_1_bar_time.o(i.control_page_1_bar) refers to menu.o(.data) for page_1_1_shodow
    page_1_bar_time.o(i.install_bar_1_page_1) refers to lcd.o(i.copy_img_colour_bar) for copy_img_colour_bar
    page_1_bar_time.o(i.install_bar_1_page_1) refers to page_1_bar_time.o(i.control_page_1_bar) for control_page_1_bar
    page_1_bar_time.o(i.install_bar_1_page_1) refers to lcd.o(i.write_page_dynamic_addr) for write_page_dynamic_addr
    page_1_bar_time.o(i.install_bar_1_page_1) refers to lcd.o(.bss) for page_lcd
    page_1_bar_time.o(i.install_bar_1_page_1) refers to page_1_bar_time.o(.data) for ram_picture_c
    page_1_bar_time.o(i.install_bar_1_page_1) refers to code.o(.constdata) for number_table_1_1
    page_1_bar_time.o(i.pixel_t) refers to page_1_bar_time.o(.data) for ram_picture_c
    page_1_bar_time.o(i.put_box_colour) refers to page_1_bar_time.o(i.pixel_t) for pixel_t
    touch.o(i.check_touch) refers to touch.o(.constdata) for touch_keys
    touch.o(i.read_ad_touch) refers to touch.o(i.cmd_touch) for cmd_touch
    touch.o(i.read_ad_touch) refers to touch.o(i.delay_chip) for delay_chip
    touch.o(i.read_x) refers to touch.o(i.enable_touch) for enable_touch
    touch.o(i.read_x) refers to touch.o(i.delay_chip) for delay_chip
    touch.o(i.read_x) refers to touch.o(i.cmd_touch) for cmd_touch
    touch.o(i.read_x) refers to touch.o(i.read_ad_touch) for read_ad_touch
    touch.o(i.read_x) refers to touch.o(i.disable_touch) for disable_touch
    touch.o(i.read_x_y) refers to touch.o(i.read_x) for read_x
    touch.o(i.read_x_y) refers to touch.o(i.delay_chip) for delay_chip
    touch.o(i.read_x_y) refers to touch.o(i.read_y) for read_y
    touch.o(i.read_y) refers to touch.o(i.enable_touch) for enable_touch
    touch.o(i.read_y) refers to touch.o(i.delay_chip) for delay_chip
    touch.o(i.read_y) refers to touch.o(i.cmd_touch) for cmd_touch
    touch.o(i.read_y) refers to touch.o(i.read_ad_touch) for read_ad_touch
    touch.o(i.read_y) refers to touch.o(i.disable_touch) for disable_touch
    touch.o(i.touch_read) refers to touch.o(i.read_x_y) for read_x_y
    debug_uart.o(i.debug_text) refers to debug_uart.o(i.send_char) for send_char
    timers.o(i.TIMER0_IRQHandler) refers to 0.o(.bss) for on_off_timer
    timers.o(i.TIMER1_IRQHandler) refers to timers.o(i.sweep_mode_operation) for sweep_mode_operation
    timers.o(i.TIMER1_IRQHandler) refers to timers.o(i.normal_mode_operation) for normal_mode_operation
    timers.o(i.TIMER1_IRQHandler) refers to pwm.o(i.update_pwm) for update_pwm
    timers.o(i.TIMER1_IRQHandler) refers to pwm.o(i.stop_pwm) for stop_pwm
    timers.o(i.TIMER1_IRQHandler) refers to timers.o(i.NVIC_DisableIRQ) for NVIC_DisableIRQ
    timers.o(i.TIMER1_IRQHandler) refers to 0.o(.bss) for stat_power
    timers.o(i.TIMER1_IRQHandler) refers to timers.o(.data) for sys_all_opertation_val
    timers.o(i.normal_mode_operation) refers to timers.o(.data) for sys_all_opertation_val
    timers.o(i.start_timer_on_off) refers to timers.o(i.NVIC_EnableIRQ) for NVIC_EnableIRQ
    timers.o(i.start_timer_on_off) refers to 0.o(.bss) for on_off_timer
    timers.o(i.stop_timer_on_off) refers to timers.o(i.NVIC_DisableIRQ) for NVIC_DisableIRQ
    timers.o(i.sweep_mode_operation) refers to adc.o(i.adc_simple_mode_power) for adc_simple_mode_power
    timers.o(i.sweep_mode_operation) refers to timers.o(.data) for sys_all_opertation_val
    timers.o(i.sweep_mode_operation) refers to timers.o(.bss) for sweep_control
    timers.o(i.turn_on_module) refers to timers.o(i.NVIC_EnableIRQ) for NVIC_EnableIRQ
    timers.o(i.turn_on_module) refers to pwm.o(i.setup_pwm) for setup_pwm
    timers.o(i.turn_on_module) refers to pwm.o(i.update_pwm) for update_pwm
    timers.o(i.turn_on_module) refers to 0.o(.bss) for stat_power
    timers.o(i.turn_on_module) refers to timers.o(.bss) for sweep_control
    timers.o(i.turn_on_module) refers to timers.o(.data) for sys_all_opertation_val
    startup_lpc17xx.o(STACK) refers (Special) to heapauxi.o(.text) for __use_two_region_memory
    startup_lpc17xx.o(HEAP) refers (Special) to heapauxi.o(.text) for __use_two_region_memory
    startup_lpc17xx.o(RESET) refers (Special) to heapauxi.o(.text) for __use_two_region_memory
    startup_lpc17xx.o(RESET) refers to startup_lpc17xx.o(STACK) for __initial_sp
    startup_lpc17xx.o(RESET) refers to startup_lpc17xx.o(.text) for Reset_Handler
    startup_lpc17xx.o(RESET) refers to timers.o(i.TIMER0_IRQHandler) for TIMER0_IRQHandler
    startup_lpc17xx.o(RESET) refers to timers.o(i.TIMER1_IRQHandler) for TIMER1_IRQHandler
    startup_lpc17xx.o(.ARM.__at_0x02FC) refers (Special) to heapauxi.o(.text) for __use_two_region_memory
    startup_lpc17xx.o(.text) refers (Special) to heapauxi.o(.text) for __use_two_region_memory
    startup_lpc17xx.o(.text) refers to system_lpc17xx.o(i.SystemInit) for SystemInit
    startup_lpc17xx.o(.text) refers to __main.o(!!!main) for __main
    startup_lpc17xx.o(.text) refers to startup_lpc17xx.o(HEAP) for Heap_Mem
    startup_lpc17xx.o(.text) refers to startup_lpc17xx.o(STACK) for Stack_Mem
    system_lpc17xx.o(i.SystemCoreClockUpdate) refers to lludivv7m.o(.text) for __aeabi_uldivmod
    system_lpc17xx.o(i.SystemCoreClockUpdate) refers to system_lpc17xx.o(.data) for SystemCoreClock
    __main.o(!!!main) refers to __rtentry.o(.ARM.Collect$$rtentry$$00000000) for __rt_entry
    __rtentry.o(.ARM.Collect$$rtentry$$00000000) refers (Special) to __rtentry2.o(.ARM.Collect$$rtentry$$0000000A) for __rt_entry_li
    __rtentry.o(.ARM.Collect$$rtentry$$00000000) refers (Special) to __rtentry2.o(.ARM.Collect$$rtentry$$0000000D) for __rt_entry_main
    __rtentry.o(.ARM.Collect$$rtentry$$00000000) refers (Special) to __rtentry2.o(.ARM.Collect$$rtentry$$0000000C) for __rt_entry_postli_1
    __rtentry.o(.ARM.Collect$$rtentry$$00000000) refers (Special) to __rtentry2.o(.ARM.Collect$$rtentry$$00000009) for __rt_entry_postsh_1
    __rtentry.o(.ARM.Collect$$rtentry$$00000000) refers (Special) to __rtentry2.o(.ARM.Collect$$rtentry$$00000002) for __rt_entry_presh_1
    __rtentry.o(.ARM.Collect$$rtentry$$00000000) refers (Special) to __rtentry4.o(.ARM.Collect$$rtentry$$00000004) for __rt_entry_sh
    aeabi_ldiv0_sigfpe.o(.text) refers to rt_div0.o(.text) for __rt_div0
    __rtentry2.o(.ARM.Collect$$rtentry$$00000008) refers to boardinit2.o(.text) for _platform_post_stackheap_init
    __rtentry2.o(.ARM.Collect$$rtentry$$0000000A) refers to libinit.o(.ARM.Collect$$libinit$$00000000) for __rt_lib_init
    __rtentry2.o(.ARM.Collect$$rtentry$$0000000B) refers to boardinit3.o(.text) for _platform_post_lib_init
    __rtentry2.o(.ARM.Collect$$rtentry$$0000000D) refers to 0.o(i.main) for main
    __rtentry2.o(.ARM.Collect$$rtentry$$0000000D) refers to exit.o(.text) for exit
    __rtentry2.o(.ARM.exidx) refers to __rtentry2.o(.ARM.Collect$$rtentry$$00000001) for .ARM.Collect$$rtentry$$00000001
    __rtentry2.o(.ARM.exidx) refers to __rtentry2.o(.ARM.Collect$$rtentry$$00000008) for .ARM.Collect$$rtentry$$00000008
    __rtentry2.o(.ARM.exidx) refers to __rtentry2.o(.ARM.Collect$$rtentry$$0000000A) for .ARM.Collect$$rtentry$$0000000A
    __rtentry2.o(.ARM.exidx) refers to __rtentry2.o(.ARM.Collect$$rtentry$$0000000B) for .ARM.Collect$$rtentry$$0000000B
    __rtentry2.o(.ARM.exidx) refers to __rtentry2.o(.ARM.Collect$$rtentry$$0000000D) for .ARM.Collect$$rtentry$$0000000D
    __rtentry4.o(.ARM.Collect$$rtentry$$00000004) refers to sys_stackheap_outer.o(.text) for __user_setup_stackheap
    __rtentry4.o(.ARM.exidx) refers to __rtentry4.o(.ARM.Collect$$rtentry$$00000004) for .ARM.Collect$$rtentry$$00000004
    rt_div0.o(.text) refers to defsig_fpe_outer.o(.text) for __rt_SIGFPE
    sys_stackheap_outer.o(.text) refers to libspace.o(.text) for __user_perproc_libspace
    sys_stackheap_outer.o(.text) refers to startup_lpc17xx.o(.text) for __user_initial_stackheap
    exit.o(.text) refers to rtexit.o(.ARM.Collect$$rtexit$$00000000) for __rt_exit
    defsig_fpe_outer.o(.text) refers to defsig_fpe_inner.o(.text) for __rt_SIGFPE_inner
    defsig_fpe_outer.o(.text) refers to defsig_exit.o(.text) for __sig_exit
    defsig_fpe_formal.o(.text) refers to rt_raise.o(.text) for __rt_raise
    libinit.o(.ARM.Collect$$libinit$$00000000) refers (Special) to libinit2.o(.ARM.Collect$$libinit$$0000002E) for __rt_lib_init_alloca_1
    libinit.o(.ARM.Collect$$libinit$$00000000) refers (Special) to libinit2.o(.ARM.Collect$$libinit$$0000002C) for __rt_lib_init_argv_1
    libinit.o(.ARM.Collect$$libinit$$00000000) refers (Special) to libinit2.o(.ARM.Collect$$libinit$$0000001B) for __rt_lib_init_atexit_1
    libinit.o(.ARM.Collect$$libinit$$00000000) refers (Special) to libinit2.o(.ARM.Collect$$libinit$$00000021) for __rt_lib_init_clock_1
    libinit.o(.ARM.Collect$$libinit$$00000000) refers (Special) to libinit2.o(.ARM.Collect$$libinit$$00000032) for __rt_lib_init_cpp_1
    libinit.o(.ARM.Collect$$libinit$$00000000) refers (Special) to libinit2.o(.ARM.Collect$$libinit$$00000030) for __rt_lib_init_exceptions_1
    libinit.o(.ARM.Collect$$libinit$$00000000) refers (Special) to libinit2.o(.ARM.Collect$$libinit$$00000002) for __rt_lib_init_fp_1
    libinit.o(.ARM.Collect$$libinit$$00000000) refers (Special) to libinit2.o(.ARM.Collect$$libinit$$0000001F) for __rt_lib_init_fp_trap_1
    libinit.o(.ARM.Collect$$libinit$$00000000) refers (Special) to libinit2.o(.ARM.Collect$$libinit$$00000023) for __rt_lib_init_getenv_1
    libinit.o(.ARM.Collect$$libinit$$00000000) refers (Special) to libinit2.o(.ARM.Collect$$libinit$$0000000A) for __rt_lib_init_heap_1
    libinit.o(.ARM.Collect$$libinit$$00000000) refers (Special) to libinit2.o(.ARM.Collect$$libinit$$00000011) for __rt_lib_init_lc_collate_1
    libinit.o(.ARM.Collect$$libinit$$00000000) refers (Special) to libinit2.o(.ARM.Collect$$libinit$$00000013) for __rt_lib_init_lc_ctype_1
    libinit.o(.ARM.Collect$$libinit$$00000000) refers (Special) to libinit2.o(.ARM.Collect$$libinit$$00000015) for __rt_lib_init_lc_monetary_1
    libinit.o(.ARM.Collect$$libinit$$00000000) refers (Special) to libinit2.o(.ARM.Collect$$libinit$$00000017) for __rt_lib_init_lc_numeric_1
    libinit.o(.ARM.Collect$$libinit$$00000000) refers (Special) to libinit2.o(.ARM.Collect$$libinit$$00000019) for __rt_lib_init_lc_time_1
    libinit.o(.ARM.Collect$$libinit$$00000000) refers (Special) to libinit2.o(.ARM.Collect$$libinit$$00000004) for __rt_lib_init_preinit_1
    libinit.o(.ARM.Collect$$libinit$$00000000) refers (Special) to libinit2.o(.ARM.Collect$$libinit$$0000000E) for __rt_lib_init_rand_1
    libinit.o(.ARM.Collect$$libinit$$00000000) refers (Special) to libinit2.o(.ARM.Collect$$libinit$$00000033) for __rt_lib_init_return
    libinit.o(.ARM.Collect$$libinit$$00000000) refers (Special) to libinit2.o(.ARM.Collect$$libinit$$0000001D) for __rt_lib_init_signal_1
    libinit.o(.ARM.Collect$$libinit$$00000000) refers (Special) to libinit2.o(.ARM.Collect$$libinit$$00000025) for __rt_lib_init_stdio_1
    libinit.o(.ARM.Collect$$libinit$$00000000) refers (Special) to libinit2.o(.ARM.Collect$$libinit$$0000000C) for __rt_lib_init_user_alloc_1
    libspace.o(.text) refers to libspace.o(.bss) for __libspace_start
    rtexit.o(.ARM.Collect$$rtexit$$00000000) refers (Special) to rtexit2.o(.ARM.Collect$$rtexit$$00000004) for __rt_exit_exit
    rtexit.o(.ARM.Collect$$rtexit$$00000000) refers (Special) to rtexit2.o(.ARM.Collect$$rtexit$$00000003) for __rt_exit_ls
    rtexit.o(.ARM.Collect$$rtexit$$00000000) refers (Special) to rtexit2.o(.ARM.Collect$$rtexit$$00000002) for __rt_exit_prels_1
    rtexit.o(.ARM.exidx) refers (Special) to rtexit2.o(.ARM.Collect$$rtexit$$00000004) for __rt_exit_exit
    rtexit.o(.ARM.exidx) refers (Special) to rtexit2.o(.ARM.Collect$$rtexit$$00000003) for __rt_exit_ls
    rtexit.o(.ARM.exidx) refers (Special) to rtexit2.o(.ARM.Collect$$rtexit$$00000002) for __rt_exit_prels_1
    rtexit.o(.ARM.exidx) refers to rtexit.o(.ARM.Collect$$rtexit$$00000000) for .ARM.Collect$$rtexit$$00000000
    rt_raise.o(.text) refers to __raise.o(.text) for __raise
    rt_raise.o(.text) refers to sys_exit.o(.text) for _sys_exit
    defsig_exit.o(.text) refers to sys_exit.o(.text) for _sys_exit
    defsig_fpe_inner.o(.text) refers to defsig_general.o(.text) for __default_signal_display
    libinit2.o(.ARM.Collect$$libinit$$00000010) refers to libinit2.o(.ARM.Collect$$libinit$$0000000F) for .ARM.Collect$$libinit$$0000000F
    libinit2.o(.ARM.Collect$$libinit$$00000012) refers to libinit2.o(.ARM.Collect$$libinit$$0000000F) for .ARM.Collect$$libinit$$0000000F
    libinit2.o(.ARM.Collect$$libinit$$00000014) refers to libinit2.o(.ARM.Collect$$libinit$$0000000F) for .ARM.Collect$$libinit$$0000000F
    libinit2.o(.ARM.Collect$$libinit$$00000016) refers to libinit2.o(.ARM.Collect$$libinit$$0000000F) for .ARM.Collect$$libinit$$0000000F
    libinit2.o(.ARM.Collect$$libinit$$00000018) refers to libinit2.o(.ARM.Collect$$libinit$$0000000F) for .ARM.Collect$$libinit$$0000000F
    libinit2.o(.ARM.Collect$$libinit$$00000026) refers to argv_veneer.o(.emb_text) for __ARM_argv_veneer
    libinit2.o(.ARM.Collect$$libinit$$00000027) refers to argv_veneer.o(.emb_text) for __ARM_argv_veneer
    sys_exit.o(.text) refers (Special) to use_no_semi.o(.text) for __I$use$semihosting
    sys_exit.o(.text) refers (Special) to indicate_semi.o(.text) for __semihosting_library_function
    rtexit2.o(.ARM.Collect$$rtexit$$00000003) refers to libshutdown.o(.ARM.Collect$$libshutdown$$00000000) for __rt_lib_shutdown
    rtexit2.o(.ARM.Collect$$rtexit$$00000004) refers to sys_exit.o(.text) for _sys_exit
    rtexit2.o(.ARM.exidx) refers to rtexit2.o(.ARM.Collect$$rtexit$$00000001) for .ARM.Collect$$rtexit$$00000001
    rtexit2.o(.ARM.exidx) refers to rtexit2.o(.ARM.Collect$$rtexit$$00000003) for .ARM.Collect$$rtexit$$00000003
    rtexit2.o(.ARM.exidx) refers to rtexit2.o(.ARM.Collect$$rtexit$$00000004) for .ARM.Collect$$rtexit$$00000004
    __raise.o(.text) refers to defsig.o(CL$$defsig) for __default_signal_handler
    defsig_general.o(.text) refers to sys_wrch.o(.text) for _ttywrch
    argv_veneer.o(.emb_text) refers to no_argv.o(.text) for __ARM_get_argv
    sys_wrch.o(.text) refers (Special) to use_no_semi.o(.text) for __I$use$semihosting
    sys_wrch.o(.text) refers (Special) to indicate_semi.o(.text) for __semihosting_library_function
    defsig.o(CL$$defsig) refers to defsig_fpe_inner.o(.text) for __rt_SIGFPE_inner
    defsig.o(CL$$defsig) refers to defsig_rtmem_inner.o(.text) for __rt_SIGRTMEM_inner
    _get_argv_nomalloc.o(.text) refers (Special) to hrguard.o(.text) for __heap_region$guard
    _get_argv_nomalloc.o(.text) refers to defsig_rtmem_outer.o(.text) for __rt_SIGRTMEM
    _get_argv_nomalloc.o(.text) refers to sys_command.o(.text) for _sys_command_string
    libshutdown.o(.ARM.Collect$$libshutdown$$00000000) refers (Special) to libshutdown2.o(.ARM.Collect$$libshutdown$$00000006) for __rt_lib_shutdown_fp_trap_1
    libshutdown.o(.ARM.Collect$$libshutdown$$00000000) refers (Special) to libshutdown2.o(.ARM.Collect$$libshutdown$$0000000E) for __rt_lib_shutdown_heap_1
    libshutdown.o(.ARM.Collect$$libshutdown$$00000000) refers (Special) to libshutdown2.o(.ARM.Collect$$libshutdown$$0000000F) for __rt_lib_shutdown_return
    libshutdown.o(.ARM.Collect$$libshutdown$$00000000) refers (Special) to libshutdown2.o(.ARM.Collect$$libshutdown$$00000009) for __rt_lib_shutdown_signal_1
    libshutdown.o(.ARM.Collect$$libshutdown$$00000000) refers (Special) to libshutdown2.o(.ARM.Collect$$libshutdown$$00000003) for __rt_lib_shutdown_stdio_1
    libshutdown.o(.ARM.Collect$$libshutdown$$00000000) refers (Special) to libshutdown2.o(.ARM.Collect$$libshutdown$$0000000B) for __rt_lib_shutdown_user_alloc_1
    sys_command.o(.text) refers (Special) to use_no_semi.o(.text) for __I$use$semihosting
    sys_command.o(.text) refers (Special) to indicate_semi.o(.text) for __semihosting_library_function
    defsig_abrt_inner.o(.text) refers to defsig_general.o(.text) for __default_signal_display
    defsig_rtred_inner.o(.text) refers to defsig_general.o(.text) for __default_signal_display
    defsig_rtmem_inner.o(.text) refers to defsig_general.o(.text) for __default_signal_display
    defsig_rtmem_outer.o(.text) refers to defsig_rtmem_inner.o(.text) for __rt_SIGRTMEM_inner
    defsig_rtmem_outer.o(.text) refers to defsig_exit.o(.text) for __sig_exit
    defsig_rtmem_formal.o(.text) refers to rt_raise.o(.text) for __rt_raise
    defsig_stak_inner.o(.text) refers to defsig_general.o(.text) for __default_signal_display
    defsig_pvfn_inner.o(.text) refers to defsig_general.o(.text) for __default_signal_display
    defsig_cppl_inner.o(.text) refers to defsig_general.o(.text) for __default_signal_display
    defsig_segv_inner.o(.text) refers to defsig_general.o(.text) for __default_signal_display
    defsig_other.o(.text) refers to defsig_general.o(.text) for __default_signal_display


==============================================================================

Removing Unused input sections from the image.

    Removing 0.o(.rev16_text), (4 bytes).
    Removing 0.o(.revsh_text), (4 bytes).
    Removing 0.o(.rrx_text), (6 bytes).
    Removing pwm.o(.rev16_text), (4 bytes).
    Removing pwm.o(.revsh_text), (4 bytes).
    Removing pwm.o(.rrx_text), (6 bytes).
    Removing adc.o(.rev16_text), (4 bytes).
    Removing adc.o(.revsh_text), (4 bytes).
    Removing adc.o(.rrx_text), (6 bytes).
    Removing lcd.o(.rev16_text), (4 bytes).
    Removing lcd.o(.revsh_text), (4 bytes).
    Removing lcd.o(.rrx_text), (6 bytes).
    Removing lcd.o(i.print_img), (112 bytes).
    Removing page_0.o(.constdata), (16320 bytes).
    Removing menu.o(.rev16_text), (4 bytes).
    Removing menu.o(.revsh_text), (4 bytes).
    Removing menu.o(.rrx_text), (6 bytes).
    Removing circle_machine.o(.rev16_text), (4 bytes).
    Removing circle_machine.o(.revsh_text), (4 bytes).
    Removing circle_machine.o(.rrx_text), (6 bytes).
    Removing page_1_bar_time.o(.rev16_text), (4 bytes).
    Removing page_1_bar_time.o(.revsh_text), (4 bytes).
    Removing page_1_bar_time.o(.rrx_text), (6 bytes).
    Removing touch.o(.rev16_text), (4 bytes).
    Removing touch.o(.revsh_text), (4 bytes).
    Removing touch.o(.rrx_text), (6 bytes).
    Removing debug_uart.o(.rev16_text), (4 bytes).
    Removing debug_uart.o(.revsh_text), (4 bytes).
    Removing debug_uart.o(.rrx_text), (6 bytes).
    Removing debug_uart.o(i.debug_text), (24 bytes).
    Removing debug_uart.o(i.send_char), (24 bytes).
    Removing debug_uart.o(i.setup_debug_uart), (64 bytes).
    Removing timers.o(.rev16_text), (4 bytes).
    Removing timers.o(.revsh_text), (4 bytes).
    Removing timers.o(.rrx_text), (6 bytes).
    Removing system_lpc17xx.o(.rev16_text), (4 bytes).
    Removing system_lpc17xx.o(.revsh_text), (4 bytes).
    Removing system_lpc17xx.o(.rrx_text), (6 bytes).
    Removing system_lpc17xx.o(i.SystemCoreClockUpdate), (424 bytes).
    Removing system_lpc17xx.o(.data), (4 bytes).

40 unused section(s) (total 17126 bytes) removed from the image.

==============================================================================

Image Symbol Table

    Local Symbols

    Symbol Name                              Value     Ov Type        Size  Object(Section)

    RESET                                    0x00000000   Section      204  startup_lpc17xx.o(RESET)
    ../clib/angel/boardlib.s                 0x00000000   Number         0  boardinit1.o ABSOLUTE
    ../clib/angel/boardlib.s                 0x00000000   Number         0  boardinit2.o ABSOLUTE
    ../clib/angel/boardlib.s                 0x00000000   Number         0  boardinit3.o ABSOLUTE
    ../clib/angel/boardlib.s                 0x00000000   Number         0  boardshut.o ABSOLUTE
    ../clib/angel/handlers.s                 0x00000000   Number         0  __scatter_copy.o ABSOLUTE
    ../clib/angel/handlers.s                 0x00000000   Number         0  __scatter_zi.o ABSOLUTE
    ../clib/angel/kernel.s                   0x00000000   Number         0  rtexit2.o ABSOLUTE
    ../clib/angel/kernel.s                   0x00000000   Number         0  rtexit.o ABSOLUTE
    ../clib/angel/kernel.s                   0x00000000   Number         0  __rtentry.o ABSOLUTE
    ../clib/angel/kernel.s                   0x00000000   Number         0  __rtentry4.o ABSOLUTE
    ../clib/angel/kernel.s                   0x00000000   Number         0  __rtentry2.o ABSOLUTE
    ../clib/angel/rt.s                       0x00000000   Number         0  rt_raise.o ABSOLUTE
    ../clib/angel/rt.s                       0x00000000   Number         0  aeabi_ldiv0_sigfpe.o ABSOLUTE
    ../clib/angel/rt.s                       0x00000000   Number         0  aeabi_ldiv0.o ABSOLUTE
    ../clib/angel/rt.s                       0x00000000   Number         0  rt_div0.o ABSOLUTE
    ../clib/angel/scatter.s                  0x00000000   Number         0  __scatter.o ABSOLUTE
    ../clib/angel/startup.s                  0x00000000   Number         0  __main.o ABSOLUTE
    ../clib/angel/sys.s                      0x00000000   Number         0  sys_stackheap_outer.o ABSOLUTE
    ../clib/angel/sys.s                      0x00000000   Number         0  libspace.o ABSOLUTE
    ../clib/angel/sys.s                      0x00000000   Number         0  indicate_semi.o ABSOLUTE
    ../clib/angel/sys.s                      0x00000000   Number         0  use_no_semi.o ABSOLUTE
    ../clib/angel/sysapp.c                   0x00000000   Number         0  sys_exit.o ABSOLUTE
    ../clib/angel/sysapp.c                   0x00000000   Number         0  sys_command.o ABSOLUTE
    ../clib/angel/sysapp.c                   0x00000000   Number         0  sys_wrch.o ABSOLUTE
    ../clib/armsys.c                         0x00000000   Number         0  _get_argv_nomalloc.o ABSOLUTE
    ../clib/armsys.c                         0x00000000   Number         0  argv_veneer.o ABSOLUTE
    ../clib/armsys.c                         0x00000000   Number         0  argv_veneer.o ABSOLUTE
    ../clib/armsys.c                         0x00000000   Number         0  no_argv.o ABSOLUTE
    ../clib/heapalloc.c                      0x00000000   Number         0  hrguard.o ABSOLUTE
    ../clib/heapaux.c                        0x00000000   Number         0  heapauxi.o ABSOLUTE
    ../clib/libinit.s                        0x00000000   Number         0  libinit2.o ABSOLUTE
    ../clib/libinit.s                        0x00000000   Number         0  libinit.o ABSOLUTE
    ../clib/libinit.s                        0x00000000   Number         0  libshutdown2.o ABSOLUTE
    ../clib/libinit.s                        0x00000000   Number         0  libshutdown.o ABSOLUTE
    ../clib/longlong.s                       0x00000000   Number         0  lludivv7m.o ABSOLUTE
    ../clib/signal.c                         0x00000000   Number         0  defsig_general.o ABSOLUTE
    ../clib/signal.c                         0x00000000   Number         0  defsig_fpe_inner.o ABSOLUTE
    ../clib/signal.c                         0x00000000   Number         0  defsig_stak_inner.o ABSOLUTE
    ../clib/signal.c                         0x00000000   Number         0  defsig_exit.o ABSOLUTE
    ../clib/signal.c                         0x00000000   Number         0  defsig_rtmem_outer.o ABSOLUTE
    ../clib/signal.c                         0x00000000   Number         0  defsig_abrt_inner.o ABSOLUTE
    ../clib/signal.c                         0x00000000   Number         0  __raise.o ABSOLUTE
    ../clib/signal.c                         0x00000000   Number         0  defsig_pvfn_inner.o ABSOLUTE
    ../clib/signal.c                         0x00000000   Number         0  defsig_cppl_inner.o ABSOLUTE
    ../clib/signal.c                         0x00000000   Number         0  defsig_other.o ABSOLUTE
    ../clib/signal.c                         0x00000000   Number         0  defsig_segv_inner.o ABSOLUTE
    ../clib/signal.c                         0x00000000   Number         0  defsig_fpe_outer.o ABSOLUTE
    ../clib/signal.c                         0x00000000   Number         0  defsig_fpe_formal.o ABSOLUTE
    ../clib/signal.c                         0x00000000   Number         0  defsig_rtred_inner.o ABSOLUTE
    ../clib/signal.c                         0x00000000   Number         0  defsig_rtmem_formal.o ABSOLUTE
    ../clib/signal.c                         0x00000000   Number         0  defsig_rtmem_inner.o ABSOLUTE
    ../clib/signal.s                         0x00000000   Number         0  defsig.o ABSOLUTE
    ../clib/stdlib.c                         0x00000000   Number         0  exit.o ABSOLUTE
    ../fplib/fpinit.s                        0x00000000   Number         0  fpinit.o ABSOLUTE
    0.c                                      0x00000000   Number         0  0.o ABSOLUTE
    0.c                                      0x00000000   Number         0  0.o ABSOLUTE
    RTE\Device\LPC1768\startup_LPC17xx.s     0x00000000   Number         0  startup_lpc17xx.o ABSOLUTE
    RTE\Device\LPC1768\system_LPC17xx.c      0x00000000   Number         0  system_lpc17xx.o ABSOLUTE
    RTE\\Device\\LPC1768\\system_LPC17xx.c   0x00000000   Number         0  system_lpc17xx.o ABSOLUTE
    adc.c                                    0x00000000   Number         0  adc.o ABSOLUTE
    adc.c                                    0x00000000   Number         0  adc.o ABSOLUTE
    button.c                                 0x00000000   Number         0  button.o ABSOLUTE
    circle_machine.c                         0x00000000   Number         0  circle_machine.o ABSOLUTE
    circle_machine.c                         0x00000000   Number         0  circle_machine.o ABSOLUTE
    code.c                                   0x00000000   Number         0  code.o ABSOLUTE
    dc.s                                     0x00000000   Number         0  dc.o ABSOLUTE
    debug_uart.c                             0x00000000   Number         0  debug_uart.o ABSOLUTE
    debug_uart.c                             0x00000000   Number         0  debug_uart.o ABSOLUTE
    dec_inc.c                                0x00000000   Number         0  dec_inc.o ABSOLUTE
    f34x.c                                   0x00000000   Number         0  f34x.o ABSOLUTE
    lcd.c                                    0x00000000   Number         0  lcd.o ABSOLUTE
    lcd.c                                    0x00000000   Number         0  lcd.o ABSOLUTE
    menu.c                                   0x00000000   Number         0  menu.o ABSOLUTE
    menu.c                                   0x00000000   Number         0  menu.o ABSOLUTE
    page_0.c                                 0x00000000   Number         0  page_0.o ABSOLUTE
    page_1_bar_time.c                        0x00000000   Number         0  page_1_bar_time.o ABSOLUTE
    page_1_bar_time.c                        0x00000000   Number         0  page_1_bar_time.o ABSOLUTE
    pwm.c                                    0x00000000   Number         0  pwm.o ABSOLUTE
    pwm.c                                    0x00000000   Number         0  pwm.o ABSOLUTE
    r1.c                                     0x00000000   Number         0  r1.o ABSOLUTE
    timers.c                                 0x00000000   Number         0  timers.o ABSOLUTE
    timers.c                                 0x00000000   Number         0  timers.o ABSOLUTE
    touch.c                                  0x00000000   Number         0  touch.o ABSOLUTE
    touch.c                                  0x00000000   Number         0  touch.o ABSOLUTE
    !!!main                                  0x000000cc   Section        8  __main.o(!!!main)
    !!!scatter                               0x000000d4   Section       52  __scatter.o(!!!scatter)
    !!handler_copy                           0x00000108   Section       26  __scatter_copy.o(!!handler_copy)
    !!handler_zi                             0x00000124   Section       28  __scatter_zi.o(!!handler_zi)
    .ARM.Collect$$libinit$$00000000          0x00000140   Section        2  libinit.o(.ARM.Collect$$libinit$$00000000)
    .ARM.Collect$$libinit$$00000002          0x00000142   Section        0  libinit2.o(.ARM.Collect$$libinit$$00000002)
    .ARM.Collect$$libinit$$00000004          0x00000142   Section        0  libinit2.o(.ARM.Collect$$libinit$$00000004)
    .ARM.Collect$$libinit$$0000000A          0x00000142   Section        0  libinit2.o(.ARM.Collect$$libinit$$0000000A)
    .ARM.Collect$$libinit$$0000000C          0x00000142   Section        0  libinit2.o(.ARM.Collect$$libinit$$0000000C)
    .ARM.Collect$$libinit$$0000000E          0x00000142   Section        0  libinit2.o(.ARM.Collect$$libinit$$0000000E)
    .ARM.Collect$$libinit$$00000011          0x00000142   Section        0  libinit2.o(.ARM.Collect$$libinit$$00000011)
    .ARM.Collect$$libinit$$00000013          0x00000142   Section        0  libinit2.o(.ARM.Collect$$libinit$$00000013)
    .ARM.Collect$$libinit$$00000015          0x00000142   Section        0  libinit2.o(.ARM.Collect$$libinit$$00000015)
    .ARM.Collect$$libinit$$00000017          0x00000142   Section        0  libinit2.o(.ARM.Collect$$libinit$$00000017)
    .ARM.Collect$$libinit$$00000019          0x00000142   Section        0  libinit2.o(.ARM.Collect$$libinit$$00000019)
    .ARM.Collect$$libinit$$0000001B          0x00000142   Section        0  libinit2.o(.ARM.Collect$$libinit$$0000001B)
    .ARM.Collect$$libinit$$0000001D          0x00000142   Section        0  libinit2.o(.ARM.Collect$$libinit$$0000001D)
    .ARM.Collect$$libinit$$0000001F          0x00000142   Section        0  libinit2.o(.ARM.Collect$$libinit$$0000001F)
    .ARM.Collect$$libinit$$00000021          0x00000142   Section        0  libinit2.o(.ARM.Collect$$libinit$$00000021)
    .ARM.Collect$$libinit$$00000023          0x00000142   Section        0  libinit2.o(.ARM.Collect$$libinit$$00000023)
    .ARM.Collect$$libinit$$00000025          0x00000142   Section        0  libinit2.o(.ARM.Collect$$libinit$$00000025)
    .ARM.Collect$$libinit$$0000002C          0x00000142   Section        0  libinit2.o(.ARM.Collect$$libinit$$0000002C)
    .ARM.Collect$$libinit$$0000002E          0x00000142   Section        0  libinit2.o(.ARM.Collect$$libinit$$0000002E)
    .ARM.Collect$$libinit$$00000030          0x00000142   Section        0  libinit2.o(.ARM.Collect$$libinit$$00000030)
    .ARM.Collect$$libinit$$00000032          0x00000142   Section        0  libinit2.o(.ARM.Collect$$libinit$$00000032)
    .ARM.Collect$$libinit$$00000033          0x00000142   Section        2  libinit2.o(.ARM.Collect$$libinit$$00000033)
    .ARM.Collect$$libshutdown$$00000000      0x00000144   Section        2  libshutdown.o(.ARM.Collect$$libshutdown$$00000000)
    .ARM.Collect$$libshutdown$$00000003      0x00000146   Section        0  libshutdown2.o(.ARM.Collect$$libshutdown$$00000003)
    .ARM.Collect$$libshutdown$$00000006      0x00000146   Section        0  libshutdown2.o(.ARM.Collect$$libshutdown$$00000006)
    .ARM.Collect$$libshutdown$$00000009      0x00000146   Section        0  libshutdown2.o(.ARM.Collect$$libshutdown$$00000009)
    .ARM.Collect$$libshutdown$$0000000B      0x00000146   Section        0  libshutdown2.o(.ARM.Collect$$libshutdown$$0000000B)
    .ARM.Collect$$libshutdown$$0000000E      0x00000146   Section        0  libshutdown2.o(.ARM.Collect$$libshutdown$$0000000E)
    .ARM.Collect$$libshutdown$$0000000F      0x00000146   Section        2  libshutdown2.o(.ARM.Collect$$libshutdown$$0000000F)
    .ARM.Collect$$rtentry$$00000000          0x00000148   Section        0  __rtentry.o(.ARM.Collect$$rtentry$$00000000)
    .ARM.Collect$$rtentry$$00000002          0x00000148   Section        0  __rtentry2.o(.ARM.Collect$$rtentry$$00000002)
    .ARM.Collect$$rtentry$$00000004          0x00000148   Section        6  __rtentry4.o(.ARM.Collect$$rtentry$$00000004)
    .ARM.Collect$$rtentry$$00000009          0x0000014e   Section        0  __rtentry2.o(.ARM.Collect$$rtentry$$00000009)
    .ARM.Collect$$rtentry$$0000000A          0x0000014e   Section        4  __rtentry2.o(.ARM.Collect$$rtentry$$0000000A)
    .ARM.Collect$$rtentry$$0000000C          0x00000152   Section        0  __rtentry2.o(.ARM.Collect$$rtentry$$0000000C)
    .ARM.Collect$$rtentry$$0000000D          0x00000152   Section        8  __rtentry2.o(.ARM.Collect$$rtentry$$0000000D)
    .ARM.Collect$$rtexit$$00000000           0x0000015a   Section        2  rtexit.o(.ARM.Collect$$rtexit$$00000000)
    .ARM.Collect$$rtexit$$00000002           0x0000015c   Section        0  rtexit2.o(.ARM.Collect$$rtexit$$00000002)
    .ARM.Collect$$rtexit$$00000003           0x0000015c   Section        4  rtexit2.o(.ARM.Collect$$rtexit$$00000003)
    .ARM.Collect$$rtexit$$00000004           0x00000160   Section        6  rtexit2.o(.ARM.Collect$$rtexit$$00000004)
    .text                                    0x00000168   Section       60  startup_lpc17xx.o(.text)
    .text                                    0x000001a4   Section        0  heapauxi.o(.text)
    .text                                    0x000001aa   Section       74  sys_stackheap_outer.o(.text)
    .text                                    0x000001f4   Section        0  exit.o(.text)
    .text                                    0x00000200   Section        8  libspace.o(.text)
    .text                                    0x00000208   Section        0  sys_exit.o(.text)
    .text                                    0x00000214   Section        2  use_no_semi.o(.text)
    .text                                    0x00000216   Section        0  indicate_semi.o(.text)
    i.NVIC_DisableIRQ                        0x00000218   Section        0  timers.o(i.NVIC_DisableIRQ)
    NVIC_DisableIRQ                          0x00000219   Thumb Code    18  timers.o(i.NVIC_DisableIRQ)
    i.NVIC_EnableIRQ                         0x00000230   Section        0  timers.o(i.NVIC_EnableIRQ)
    NVIC_EnableIRQ                           0x00000231   Thumb Code    22  timers.o(i.NVIC_EnableIRQ)
    i.TIMER0_IRQHandler                      0x00000248   Section        0  timers.o(i.TIMER0_IRQHandler)
    i.TIMER1_IRQHandler                      0x0000027c   Section        0  timers.o(i.TIMER1_IRQHandler)
    i.cmd                                    0x000002c4   Section        0  lcd.o(i.cmd)
    i.cmd_touch                              0x000002d4   Section        0  touch.o(i.cmd_touch)
    i.install_page_0_time_bar                0x000002f4   Section        0  circle_machine.o(i.install_page_0_time_bar)
    i.main                                   0x000002f6   Section        0  0.o(i.main)
    .ARM.__at_0x02FC                         0x000002fc   Section        4  startup_lpc17xx.o(.ARM.__at_0x02FC)
    i.SystemInit                             0x00000300   Section        0  system_lpc17xx.o(i.SystemInit)
    i.adc_simple_mode_power                  0x000003e0   Section        0  adc.o(i.adc_simple_mode_power)
    i.check_touch                            0x0000041c   Section        0  touch.o(i.check_touch)
    i.cicle                                  0x00000478   Section        0  circle_machine.o(i.cicle)
    i.control                                0x00000500   Section        0  0.o(i.control)
    i.control_page_1_bar                     0x00000968   Section        0  page_1_bar_time.o(i.control_page_1_bar)
    i.copy_img_colour_bar                    0x000009d0   Section        0  lcd.o(i.copy_img_colour_bar)
    i.cos_t                                  0x00000a00   Section        0  circle_machine.o(i.cos_t)
    i.data                                   0x00000a60   Section        0  lcd.o(i.data)
    i.delay_chip                             0x00000a70   Section        0  touch.o(i.delay_chip)
    i.disable_touch                          0x00000a84   Section        0  touch.o(i.disable_touch)
    i.draw_num_high_size_font                0x00000a90   Section        0  circle_machine.o(i.draw_num_high_size_font)
    i.enable_touch                           0x00000c08   Section        0  touch.o(i.enable_touch)
    i.install_bar_1_page_1                   0x00000c14   Section        0  page_1_bar_time.o(i.install_bar_1_page_1)
    i.install_menu_machine                   0x00000c7c   Section        0  menu.o(i.install_menu_machine)
    i.install_page_0                         0x00000cd8   Section        0  menu.o(i.install_page_0)
    i.lcd_cs_disable                         0x00000de0   Section        0  lcd.o(i.lcd_cs_disable)
    i.lcd_cs_enable                          0x00000df8   Section        0  lcd.o(i.lcd_cs_enable)
    i.lcd_delay_func                         0x00000e10   Section        0  lcd.o(i.lcd_delay_func)
    i.lcd_set_draw_area                      0x00000e1a   Section        0  lcd.o(i.lcd_set_draw_area)
    i.lcd_switch_cmd                         0x00000ec0   Section        0  lcd.o(i.lcd_switch_cmd)
    i.lcd_switch_data                        0x00000ed0   Section        0  lcd.o(i.lcd_switch_data)
    i.normal_mode_operation                  0x00000ee0   Section        0  timers.o(i.normal_mode_operation)
    i.page_0_print_a_number                  0x00000f04   Section        0  circle_machine.o(i.page_0_print_a_number)
    i.page_1_install                         0x00001028   Section        0  menu.o(i.page_1_install)
    i.pixel                                  0x00001080   Section        0  circle_machine.o(i.pixel)
    i.pixel_t                                0x00001118   Section        0  page_1_bar_time.o(i.pixel_t)
    i.pixel_text_func_page_0                 0x000011c4   Section        0  circle_machine.o(i.pixel_text_func_page_0)
    i.print_power_factor                     0x0000125c   Section        0  circle_machine.o(i.print_power_factor)
    i.put_box_colour                         0x00001380   Section        0  page_1_bar_time.o(i.put_box_colour)
    i.read_ad_touch                          0x000013ac   Section        0  touch.o(i.read_ad_touch)
    i.read_x                                 0x000013ce   Section        0  touch.o(i.read_x)
    i.read_x_y                               0x000013f4   Section        0  touch.o(i.read_x_y)
    i.read_y                                 0x0000140e   Section        0  touch.o(i.read_y)
    i.setup_adc                              0x00001434   Section        0  adc.o(i.setup_adc)
    i.setup_lcd_base                         0x00001460   Section        0  lcd.o(i.setup_lcd_base)
    i.setup_pwm                              0x0000168c   Section        0  pwm.o(i.setup_pwm)
    i.setup_touch_interface                  0x000016e8   Section        0  touch.o(i.setup_touch_interface)
    i.sin_t                                  0x0000172c   Section        0  circle_machine.o(i.sin_t)
    i.start_timer_on_off                     0x0000178c   Section        0  timers.o(i.start_timer_on_off)
    i.stop_pwm                               0x000017c0   Section        0  pwm.o(i.stop_pwm)
    i.stop_timer_on_off                      0x000017f8   Section        0  timers.o(i.stop_timer_on_off)
    i.sweep_mode_operation                   0x0000180c   Section        0  timers.o(i.sweep_mode_operation)
    i.touch_read                             0x000018d8   Section        0  touch.o(i.touch_read)
    i.turn_on_module                         0x00001b04   Section        0  timers.o(i.turn_on_module)
    i.update_lcd_page                        0x00001b78   Section        0  lcd.o(i.update_lcd_page)
    i.update_page_0                          0x00001bf8   Section        0  menu.o(i.update_page_0)
    i.update_page_1                          0x00001e14   Section        0  menu.o(i.update_page_1)
    i.update_page_3                          0x00001f0c   Section        0  menu.o(i.update_page_3)
    i.update_page_3_button                   0x00001f34   Section        0  menu.o(i.update_page_3_button)
    i.update_pwm                             0x00002024   Section        0  pwm.o(i.update_pwm)
    i.update_req_from_on_off_tim             0x000020a4   Section        0  0.o(i.update_req_from_on_off_tim)
    i.write_lcd                              0x00002138   Section        0  lcd.o(i.write_lcd)
    i.write_page                             0x00002150   Section        0  lcd.o(i.write_page)
    i.write_page_dynamic_addr                0x000021ec   Section        0  lcd.o(i.write_page_dynamic_addr)
    .constdata                               0x00002288   Section    10010  button.o(.constdata)
    .constdata                               0x000049a2   Section    14850  code.o(.constdata)
    .constdata                               0x000083a4   Section     1004  circle_machine.o(.constdata)
    .constdata                               0x00008790   Section     1808  r1.o(.constdata)
    .constdata                               0x00008ea0   Section     2138  dec_inc.o(.constdata)
    .constdata                               0x000096fa   Section     1404  f34x.o(.constdata)
    .constdata                               0x00009c76   Section       72  touch.o(.constdata)
    .data                                    0x10000000   Section       32  lcd.o(.data)
    .data                                    0x10000020   Section       46  menu.o(.data)
    .data                                    0x10000050   Section        8  circle_machine.o(.data)
    .data                                    0x10000058   Section        5  page_1_bar_time.o(.data)
    .data                                    0x10000060   Section        4  timers.o(.data)
    .bss                                     0x10000064   Section       24  0.o(.bss)
    .bss                                     0x1000007c   Section    15952  lcd.o(.bss)
    .bss                                     0x10003ecc   Section      208  timers.o(.bss)
    .bss                                     0x10003f9c   Section       96  libspace.o(.bss)
    HEAP                                     0x10004000   Section        0  startup_lpc17xx.o(HEAP)
    STACK                                    0x10004000   Section      512  startup_lpc17xx.o(STACK)
    Heap_Mem                                 0x10004000   Data           0  startup_lpc17xx.o(HEAP)
    Stack_Mem                                0x10004000   Data         512  startup_lpc17xx.o(STACK)
    __initial_sp                             0x10004200   Data           0  startup_lpc17xx.o(STACK)

    Global Symbols

    Symbol Name                              Value     Ov Type        Size  Object(Section)

    BuildAttributes$$THM_ISAv4$P$D$K$B$S$PE$A:L22UL41UL21$X:L11$S22US41US21$IEEE1$IW$USESV6$~STKCKD$USESV7$~SHL$OSPACE$ROPI$EBA8$UX$STANDARDLIB$REQ8$PRES8$EABIv2 0x00000000   Number         0  anon$$obj.o ABSOLUTE
    __ARM_use_no_argv                        0x00000000   Number         0  0.o ABSOLUTE
    __Vectors                                0x00000000   Data           4  startup_lpc17xx.o(RESET)
    __ARM_exceptions_init                     - Undefined Weak Reference
    __alloca_initialize                       - Undefined Weak Reference
    __arm_preinit_                            - Undefined Weak Reference
    __cpp_initialize__aeabi_                  - Undefined Weak Reference
    __cxa_finalize                            - Undefined Weak Reference
    __rt_locale                               - Undefined Weak Reference
    __sigvec_lookup                           - Undefined Weak Reference
    _atexit_init                              - Undefined Weak Reference
    _call_atexit_fns                          - Undefined Weak Reference
    _clock_init                               - Undefined Weak Reference
    _fp_trap_init                             - Undefined Weak Reference
    _fp_trap_shutdown                         - Undefined Weak Reference
    _get_lc_collate                           - Undefined Weak Reference
    _get_lc_ctype                             - Undefined Weak Reference
    _get_lc_monetary                          - Undefined Weak Reference
    _get_lc_numeric                           - Undefined Weak Reference
    _get_lc_time                              - Undefined Weak Reference
    _getenv_init                              - Undefined Weak Reference
    _handle_redirection                       - Undefined Weak Reference
    _init_alloc                               - Undefined Weak Reference
    _init_user_alloc                          - Undefined Weak Reference
    _initio                                   - Undefined Weak Reference
    _rand_init                                - Undefined Weak Reference
    _signal_finish                            - Undefined Weak Reference
    _signal_init                              - Undefined Weak Reference
    _terminate_alloc                          - Undefined Weak Reference
    _terminate_user_alloc                     - Undefined Weak Reference
    _terminateio                              - Undefined Weak Reference
    __main                                   0x000000cd   Thumb Code     8  __main.o(!!!main)
    __scatterload                            0x000000d5   Thumb Code     0  __scatter.o(!!!scatter)
    __scatterload_rt2                        0x000000d5   Thumb Code    44  __scatter.o(!!!scatter)
    __scatterload_rt2_thumb_only             0x000000d5   Thumb Code     0  __scatter.o(!!!scatter)
    __scatterload_null                       0x000000e3   Thumb Code     0  __scatter.o(!!!scatter)
    __scatterload_copy                       0x00000109   Thumb Code    26  __scatter_copy.o(!!handler_copy)
    __scatterload_zeroinit                   0x00000125   Thumb Code    28  __scatter_zi.o(!!handler_zi)
    __rt_lib_init                            0x00000141   Thumb Code     0  libinit.o(.ARM.Collect$$libinit$$00000000)
    __rt_lib_init_alloca_1                   0x00000143   Thumb Code     0  libinit2.o(.ARM.Collect$$libinit$$0000002E)
    __rt_lib_init_argv_1                     0x00000143   Thumb Code     0  libinit2.o(.ARM.Collect$$libinit$$0000002C)
    __rt_lib_init_atexit_1                   0x00000143   Thumb Code     0  libinit2.o(.ARM.Collect$$libinit$$0000001B)
    __rt_lib_init_clock_1                    0x00000143   Thumb Code     0  libinit2.o(.ARM.Collect$$libinit$$00000021)
    __rt_lib_init_cpp_1                      0x00000143   Thumb Code     0  libinit2.o(.ARM.Collect$$libinit$$00000032)
    __rt_lib_init_exceptions_1               0x00000143   Thumb Code     0  libinit2.o(.ARM.Collect$$libinit$$00000030)
    __rt_lib_init_fp_1                       0x00000143   Thumb Code     0  libinit2.o(.ARM.Collect$$libinit$$00000002)
    __rt_lib_init_fp_trap_1                  0x00000143   Thumb Code     0  libinit2.o(.ARM.Collect$$libinit$$0000001F)
    __rt_lib_init_getenv_1                   0x00000143   Thumb Code     0  libinit2.o(.ARM.Collect$$libinit$$00000023)
    __rt_lib_init_heap_1                     0x00000143   Thumb Code     0  libinit2.o(.ARM.Collect$$libinit$$0000000A)
    __rt_lib_init_lc_collate_1               0x00000143   Thumb Code     0  libinit2.o(.ARM.Collect$$libinit$$00000011)
    __rt_lib_init_lc_ctype_1                 0x00000143   Thumb Code     0  libinit2.o(.ARM.Collect$$libinit$$00000013)
    __rt_lib_init_lc_monetary_1              0x00000143   Thumb Code     0  libinit2.o(.ARM.Collect$$libinit$$00000015)
    __rt_lib_init_lc_numeric_1               0x00000143   Thumb Code     0  libinit2.o(.ARM.Collect$$libinit$$00000017)
    __rt_lib_init_lc_time_1                  0x00000143   Thumb Code     0  libinit2.o(.ARM.Collect$$libinit$$00000019)
    __rt_lib_init_preinit_1                  0x00000143   Thumb Code     0  libinit2.o(.ARM.Collect$$libinit$$00000004)
    __rt_lib_init_rand_1                     0x00000143   Thumb Code     0  libinit2.o(.ARM.Collect$$libinit$$0000000E)
    __rt_lib_init_return                     0x00000143   Thumb Code     0  libinit2.o(.ARM.Collect$$libinit$$00000033)
    __rt_lib_init_signal_1                   0x00000143   Thumb Code     0  libinit2.o(.ARM.Collect$$libinit$$0000001D)
    __rt_lib_init_stdio_1                    0x00000143   Thumb Code     0  libinit2.o(.ARM.Collect$$libinit$$00000025)
    __rt_lib_init_user_alloc_1               0x00000143   Thumb Code     0  libinit2.o(.ARM.Collect$$libinit$$0000000C)
    __rt_lib_shutdown                        0x00000145   Thumb Code     0  libshutdown.o(.ARM.Collect$$libshutdown$$00000000)
    __rt_lib_shutdown_fp_trap_1              0x00000147   Thumb Code     0  libshutdown2.o(.ARM.Collect$$libshutdown$$00000006)
    __rt_lib_shutdown_heap_1                 0x00000147   Thumb Code     0  libshutdown2.o(.ARM.Collect$$libshutdown$$0000000E)
    __rt_lib_shutdown_return                 0x00000147   Thumb Code     0  libshutdown2.o(.ARM.Collect$$libshutdown$$0000000F)
    __rt_lib_shutdown_signal_1               0x00000147   Thumb Code     0  libshutdown2.o(.ARM.Collect$$libshutdown$$00000009)
    __rt_lib_shutdown_stdio_1                0x00000147   Thumb Code     0  libshutdown2.o(.ARM.Collect$$libshutdown$$00000003)
    __rt_lib_shutdown_user_alloc_1           0x00000147   Thumb Code     0  libshutdown2.o(.ARM.Collect$$libshutdown$$0000000B)
    __rt_entry                               0x00000149   Thumb Code     0  __rtentry.o(.ARM.Collect$$rtentry$$00000000)
    __rt_entry_presh_1                       0x00000149   Thumb Code     0  __rtentry2.o(.ARM.Collect$$rtentry$$00000002)
    __rt_entry_sh                            0x00000149   Thumb Code     0  __rtentry4.o(.ARM.Collect$$rtentry$$00000004)
    __rt_entry_li                            0x0000014f   Thumb Code     0  __rtentry2.o(.ARM.Collect$$rtentry$$0000000A)
    __rt_entry_postsh_1                      0x0000014f   Thumb Code     0  __rtentry2.o(.ARM.Collect$$rtentry$$00000009)
    __rt_entry_main                          0x00000153   Thumb Code     0  __rtentry2.o(.ARM.Collect$$rtentry$$0000000D)
    __rt_entry_postli_1                      0x00000153   Thumb Code     0  __rtentry2.o(.ARM.Collect$$rtentry$$0000000C)
    __rt_exit                                0x0000015b   Thumb Code     0  rtexit.o(.ARM.Collect$$rtexit$$00000000)
    __rt_exit_ls                             0x0000015d   Thumb Code     0  rtexit2.o(.ARM.Collect$$rtexit$$00000003)
    __rt_exit_prels_1                        0x0000015d   Thumb Code     0  rtexit2.o(.ARM.Collect$$rtexit$$00000002)
    __rt_exit_exit                           0x00000161   Thumb Code     0  rtexit2.o(.ARM.Collect$$rtexit$$00000004)
    Reset_Handler                            0x00000169   Thumb Code     8  startup_lpc17xx.o(.text)
    NMI_Handler                              0x00000171   Thumb Code     2  startup_lpc17xx.o(.text)
    HardFault_Handler                        0x00000173   Thumb Code     2  startup_lpc17xx.o(.text)
    MemManage_Handler                        0x00000175   Thumb Code     2  startup_lpc17xx.o(.text)
    BusFault_Handler                         0x00000177   Thumb Code     2  startup_lpc17xx.o(.text)
    UsageFault_Handler                       0x00000179   Thumb Code     2  startup_lpc17xx.o(.text)
    SVC_Handler                              0x0000017b   Thumb Code     2  startup_lpc17xx.o(.text)
    DebugMon_Handler                         0x0000017d   Thumb Code     2  startup_lpc17xx.o(.text)
    PendSV_Handler                           0x0000017f   Thumb Code     2  startup_lpc17xx.o(.text)
    SysTick_Handler                          0x00000181   Thumb Code     2  startup_lpc17xx.o(.text)
    ADC_IRQHandler                           0x00000183   Thumb Code     0  startup_lpc17xx.o(.text)
    BOD_IRQHandler                           0x00000183   Thumb Code     0  startup_lpc17xx.o(.text)
    CANActivity_IRQHandler                   0x00000183   Thumb Code     0  startup_lpc17xx.o(.text)
    CAN_IRQHandler                           0x00000183   Thumb Code     0  startup_lpc17xx.o(.text)
    DMA_IRQHandler                           0x00000183   Thumb Code     0  startup_lpc17xx.o(.text)
    EINT0_IRQHandler                         0x00000183   Thumb Code     0  startup_lpc17xx.o(.text)
    EINT1_IRQHandler                         0x00000183   Thumb Code     0  startup_lpc17xx.o(.text)
    EINT2_IRQHandler                         0x00000183   Thumb Code     0  startup_lpc17xx.o(.text)
    EINT3_IRQHandler                         0x00000183   Thumb Code     0  startup_lpc17xx.o(.text)
    ENET_IRQHandler                          0x00000183   Thumb Code     0  startup_lpc17xx.o(.text)
    I2C0_IRQHandler                          0x00000183   Thumb Code     0  startup_lpc17xx.o(.text)
    I2C1_IRQHandler                          0x00000183   Thumb Code     0  startup_lpc17xx.o(.text)
    I2C2_IRQHandler                          0x00000183   Thumb Code     0  startup_lpc17xx.o(.text)
    I2S_IRQHandler                           0x00000183   Thumb Code     0  startup_lpc17xx.o(.text)
    MCPWM_IRQHandler                         0x00000183   Thumb Code     0  startup_lpc17xx.o(.text)
    PLL0_IRQHandler                          0x00000183   Thumb Code     0  startup_lpc17xx.o(.text)
    PLL1_IRQHandler                          0x00000183   Thumb Code     0  startup_lpc17xx.o(.text)
    PWM1_IRQHandler                          0x00000183   Thumb Code     0  startup_lpc17xx.o(.text)
    QEI_IRQHandler                           0x00000183   Thumb Code     0  startup_lpc17xx.o(.text)
    RIT_IRQHandler                           0x00000183   Thumb Code     0  startup_lpc17xx.o(.text)
    RTC_IRQHandler                           0x00000183   Thumb Code     0  startup_lpc17xx.o(.text)
    SPI_IRQHandler                           0x00000183   Thumb Code     0  startup_lpc17xx.o(.text)
    SSP0_IRQHandler                          0x00000183   Thumb Code     0  startup_lpc17xx.o(.text)
    SSP1_IRQHandler                          0x00000183   Thumb Code     0  startup_lpc17xx.o(.text)
    TIMER2_IRQHandler                        0x00000183   Thumb Code     0  startup_lpc17xx.o(.text)
    TIMER3_IRQHandler                        0x00000183   Thumb Code     0  startup_lpc17xx.o(.text)
    UART0_IRQHandler                         0x00000183   Thumb Code     0  startup_lpc17xx.o(.text)
    UART1_IRQHandler                         0x00000183   Thumb Code     0  startup_lpc17xx.o(.text)
    UART2_IRQHandler                         0x00000183   Thumb Code     0  startup_lpc17xx.o(.text)
    UART3_IRQHandler                         0x00000183   Thumb Code     0  startup_lpc17xx.o(.text)
    USBActivity_IRQHandler                   0x00000183   Thumb Code     0  startup_lpc17xx.o(.text)
    USB_IRQHandler                           0x00000183   Thumb Code     0  startup_lpc17xx.o(.text)
    WDT_IRQHandler                           0x00000183   Thumb Code     0  startup_lpc17xx.o(.text)
    __user_initial_stackheap                 0x00000185   Thumb Code     0  startup_lpc17xx.o(.text)
    __use_two_region_memory                  0x000001a5   Thumb Code     2  heapauxi.o(.text)
    __rt_heap_escrow$2region                 0x000001a7   Thumb Code     2  heapauxi.o(.text)
    __rt_heap_expand$2region                 0x000001a9   Thumb Code     2  heapauxi.o(.text)
    __user_setup_stackheap                   0x000001ab   Thumb Code    74  sys_stackheap_outer.o(.text)
    exit                                     0x000001f5   Thumb Code    12  exit.o(.text)
    __user_libspace                          0x00000201   Thumb Code     8  libspace.o(.text)
    __user_perproc_libspace                  0x00000201   Thumb Code     0  libspace.o(.text)
    __user_perthread_libspace                0x00000201   Thumb Code     0  libspace.o(.text)
    _sys_exit                                0x00000209   Thumb Code     8  sys_exit.o(.text)
    __I$use$semihosting                      0x00000215   Thumb Code     0  use_no_semi.o(.text)
    __use_no_semihosting_swi                 0x00000215   Thumb Code     2  use_no_semi.o(.text)
    __semihosting_library_function           0x00000217   Thumb Code     0  indicate_semi.o(.text)
    TIMER0_IRQHandler                        0x00000249   Thumb Code    48  timers.o(i.TIMER0_IRQHandler)
    TIMER1_IRQHandler                        0x0000027d   Thumb Code    60  timers.o(i.TIMER1_IRQHandler)
    cmd                                      0x000002c5   Thumb Code    16  lcd.o(i.cmd)
    cmd_touch                                0x000002d5   Thumb Code    28  touch.o(i.cmd_touch)
    install_page_0_time_bar                  0x000002f5   Thumb Code     2  circle_machine.o(i.install_page_0_time_bar)
    main                                     0x000002f7   Thumb Code     4  0.o(i.main)
    SystemInit                               0x00000301   Thumb Code   206  system_lpc17xx.o(i.SystemInit)
    adc_simple_mode_power                    0x000003e1   Thumb Code    50  adc.o(i.adc_simple_mode_power)
    check_touch                              0x0000041d   Thumb Code    86  touch.o(i.check_touch)
    cicle                                    0x00000479   Thumb Code   122  circle_machine.o(i.cicle)
    control                                  0x00000501   Thumb Code  1114  0.o(i.control)
    control_page_1_bar                       0x00000969   Thumb Code    82  page_1_bar_time.o(i.control_page_1_bar)
    copy_img_colour_bar                      0x000009d1   Thumb Code    40  lcd.o(i.copy_img_colour_bar)
    cos_t                                    0x00000a01   Thumb Code    90  circle_machine.o(i.cos_t)
    data                                     0x00000a61   Thumb Code    16  lcd.o(i.data)
    delay_chip                               0x00000a71   Thumb Code    18  touch.o(i.delay_chip)
    disable_touch                            0x00000a85   Thumb Code     8  touch.o(i.disable_touch)
    draw_num_high_size_font                  0x00000a91   Thumb Code   368  circle_machine.o(i.draw_num_high_size_font)
    enable_touch                             0x00000c09   Thumb Code     8  touch.o(i.enable_touch)
    install_bar_1_page_1                     0x00000c15   Thumb Code    88  page_1_bar_time.o(i.install_bar_1_page_1)
    install_menu_machine                     0x00000c7d   Thumb Code    78  menu.o(i.install_menu_machine)
    install_page_0                           0x00000cd9   Thumb Code   210  menu.o(i.install_page_0)
    lcd_cs_disable                           0x00000de1   Thumb Code    18  lcd.o(i.lcd_cs_disable)
    lcd_cs_enable                            0x00000df9   Thumb Code    18  lcd.o(i.lcd_cs_enable)
    lcd_delay_func                           0x00000e11   Thumb Code    10  lcd.o(i.lcd_delay_func)
    lcd_set_draw_area                        0x00000e1b   Thumb Code   164  lcd.o(i.lcd_set_draw_area)
    lcd_switch_cmd                           0x00000ec1   Thumb Code    10  lcd.o(i.lcd_switch_cmd)
    lcd_switch_data                          0x00000ed1   Thumb Code    10  lcd.o(i.lcd_switch_data)
    normal_mode_operation                    0x00000ee1   Thumb Code    32  timers.o(i.normal_mode_operation)
    page_0_print_a_number                    0x00000f05   Thumb Code   282  circle_machine.o(i.page_0_print_a_number)
    page_1_install                           0x00001029   Thumb Code    62  menu.o(i.page_1_install)
    pixel                                    0x00001081   Thumb Code   142  circle_machine.o(i.pixel)
    pixel_t                                  0x00001119   Thumb Code   162  page_1_bar_time.o(i.pixel_t)
    pixel_text_func_page_0                   0x000011c5   Thumb Code   142  circle_machine.o(i.pixel_text_func_page_0)
    print_power_factor                       0x0000125d   Thumb Code   282  circle_machine.o(i.print_power_factor)
    put_box_colour                           0x00001381   Thumb Code    44  page_1_bar_time.o(i.put_box_colour)
    read_ad_touch                            0x000013ad   Thumb Code    34  touch.o(i.read_ad_touch)
    read_x                                   0x000013cf   Thumb Code    38  touch.o(i.read_x)
    read_x_y                                 0x000013f5   Thumb Code    26  touch.o(i.read_x_y)
    read_y                                   0x0000140f   Thumb Code    38  touch.o(i.read_y)
    setup_adc                                0x00001435   Thumb Code    30  adc.o(i.setup_adc)
    setup_lcd_base                           0x00001461   Thumb Code   546  lcd.o(i.setup_lcd_base)
    setup_pwm                                0x0000168d   Thumb Code    84  pwm.o(i.setup_pwm)
    setup_touch_interface                    0x000016e9   Thumb Code    56  touch.o(i.setup_touch_interface)
    sin_t                                    0x0000172d   Thumb Code    90  circle_machine.o(i.sin_t)
    start_timer_on_off                       0x0000178d   Thumb Code    42  timers.o(i.start_timer_on_off)
    stop_pwm                                 0x000017c1   Thumb Code    44  pwm.o(i.stop_pwm)
    stop_timer_on_off                        0x000017f9   Thumb Code    18  timers.o(i.stop_timer_on_off)
    sweep_mode_operation                     0x0000180d   Thumb Code   192  timers.o(i.sweep_mode_operation)
    touch_read                               0x000018d9   Thumb Code   550  touch.o(i.touch_read)
    turn_on_module                           0x00001b05   Thumb Code    98  timers.o(i.turn_on_module)
    update_lcd_page                          0x00001b79   Thumb Code   118  lcd.o(i.update_lcd_page)
    update_page_0                            0x00001bf9   Thumb Code   466  menu.o(i.update_page_0)
    update_page_1                            0x00001e15   Thumb Code   212  menu.o(i.update_page_1)
    update_page_3                            0x00001f0d   Thumb Code    34  menu.o(i.update_page_3)
    update_page_3_button                     0x00001f35   Thumb Code   208  menu.o(i.update_page_3_button)
    update_pwm                               0x00002025   Thumb Code   120  pwm.o(i.update_pwm)
    update_req_from_on_off_tim               0x000020a5   Thumb Code   118  0.o(i.update_req_from_on_off_tim)
    write_lcd                                0x00002139   Thumb Code    20  lcd.o(i.write_lcd)
    write_page                               0x00002151   Thumb Code   146  lcd.o(i.write_page)
    write_page_dynamic_addr                  0x000021ed   Thumb Code   146  lcd.o(i.write_page_dynamic_addr)
    data_img_page_3_3                        0x00002288   Data        2500  button.o(.constdata)
    data_img_page_3_2                        0x00002c4c   Data        2500  button.o(.constdata)
    data_img_page_3_1                        0x00003610   Data        2500  button.o(.constdata)
    data_img_page_3_0                        0x00003fd4   Data        2500  button.o(.constdata)
    number_table_page_3                      0x00004998   Data          10  button.o(.constdata)
    data_img_page_1_1                        0x000049a2   Data        2000  code.o(.constdata)
    number_table_1_1                         0x00005172   Data           8  code.o(.constdata)
    data_img_0_1_1                           0x0000517a   Data        4000  code.o(.constdata)
    number_table_0_1_1                       0x0000611a   Data          16  code.o(.constdata)
    data_img_0_1_0                           0x0000612a   Data        4000  code.o(.constdata)
    number_table_0_1_0                       0x000070ca   Data          16  code.o(.constdata)
    data_img_0_0                             0x000070da   Data        4800  code.o(.constdata)
    number_table_0_0                         0x0000839a   Data          10  code.o(.constdata)
    sin_table                                0x000083a4   Data        1004  circle_machine.o(.constdata)
    exo_2                                    0x00008790   Data        1808  r1.o(.constdata)
    timer_desc_text_min                      0x00008ea0   Data         300  dec_inc.o(.constdata)
    timer_desc_text                          0x00008fcc   Data         900  dec_inc.o(.constdata)
    number_table_timer_texts                 0x00009350   Data           8  dec_inc.o(.constdata)
    button_menu_0_5                          0x00009358   Data         450  dec_inc.o(.constdata)
    button_menu_0_4                          0x0000951a   Data         450  dec_inc.o(.constdata)
    button_menu_0_4_5_0_colour_table         0x000096dc   Data          10  dec_inc.o(.constdata)
    button_menu_0_4_5_1_colour_table         0x000096e6   Data          10  dec_inc.o(.constdata)
    button_menu_0_4_5_2_colour_table         0x000096f0   Data          10  dec_inc.o(.constdata)
    franklin_gothic_demi                     0x000096fa   Data        1404  f34x.o(.constdata)
    touch_keys                               0x00009c76   Data          72  touch.o(.constdata)
    Region$$Table$$Base                      0x00009cc0   Number         0  anon$$obj.o(Region$$Table)
    Region$$Table$$Limit                     0x00009ce0   Number         0  anon$$obj.o(Region$$Table)
    high_byte_pattern                        0x10000000   Data          16  lcd.o(.data)
    low_byte_pattern                         0x10000010   Data          16  lcd.o(.data)
    page_1_bar_shodow                        0x10000020   Data           4  menu.o(.data)
    page_1_bar                               0x10000024   Data           4  menu.o(.data)
    page_1_1_shodow                          0x10000028   Data           4  menu.o(.data)
    page_1_1                                 0x1000002c   Data           4  menu.o(.data)
    page_1_bar_text_shodow                   0x10000030   Data           4  menu.o(.data)
    page_1_bar_text                          0x10000034   Data           4  menu.o(.data)
    page_3_button                            0x10000038   Data           4  menu.o(.data)
    page_3_button_shodow                     0x1000003c   Data           4  menu.o(.data)
    page_0_switch                            0x10000040   Data           1  menu.o(.data)
    page_0_switch_shodow                     0x10000041   Data           1  menu.o(.data)
    page_0_decrase_switch                    0x10000042   Data           1  menu.o(.data)
    page_0_incrase_switch                    0x10000043   Data           1  menu.o(.data)
    page_0_decrase_switch_shodow             0x10000044   Data           1  menu.o(.data)
    page_0_incrase_switch_shodow             0x10000045   Data           1  menu.o(.data)
    page_0_time_information                  0x10000046   Data           4  menu.o(.data)
    page_0_time_information_shodow           0x1000004a   Data           4  menu.o(.data)
    colour_change                            0x10000050   Data           1  circle_machine.o(.data)
    pointer_page_0_timer_monitor             0x10000054   Data           4  circle_machine.o(.data)
    ram_picture_c                            0x10000058   Data           4  page_1_bar_time.o(.data)
    colour_change_t                          0x1000005c   Data           1  page_1_bar_time.o(.data)
    sys_all_opertation_val                   0x10000060   Data           4  timers.o(.data)
    on_off_timer                             0x10000064   Data          12  0.o(.bss)
    stat_power                               0x10000070   Data          12  0.o(.bss)
    page_lcd                                 0x1000007c   Data       15000  lcd.o(.bss)
    page_lcd_2                               0x10003b14   Data         952  lcd.o(.bss)
    sweep_control                            0x10003ecc   Data         208  timers.o(.bss)
    __libspace_start                         0x10003f9c   Data          96  libspace.o(.bss)
    __temporary_stack_top$libspace           0x10003ffc   Data           0  libspace.o(.bss)



==============================================================================

Memory Map of the image

  Image Entry point : 0x000000cd

  Load Region LR_IROM1 (Base: 0x00000000, Size: 0x00009d44, Max: 0x00080000, ABSOLUTE)

    Execution Region ER_IROM1 (Base: 0x00000000, Size: 0x00009ce0, Max: 0x00080000, ABSOLUTE)

    Base Addr    Size         Type   Attr      Idx    E Section Name        Object

    0x00000000   0x000000cc   Data   RO          752    RESET               startup_lpc17xx.o
    0x000000cc   0x00000008   Code   RO          809  * !!!main             c_w.l(__main.o)
    0x000000d4   0x00000034   Code   RO          975    !!!scatter          c_w.l(__scatter.o)
    0x00000108   0x0000001a   Code   RO          977    !!handler_copy      c_w.l(__scatter_copy.o)
    0x00000122   0x00000002   PAD
    0x00000124   0x0000001c   Code   RO          979    !!handler_zi        c_w.l(__scatter_zi.o)
    0x00000140   0x00000002   Code   RO          846    .ARM.Collect$$libinit$$00000000  c_w.l(libinit.o)
    0x00000142   0x00000000   Code   RO          859    .ARM.Collect$$libinit$$00000002  c_w.l(libinit2.o)
    0x00000142   0x00000000   Code   RO          861    .ARM.Collect$$libinit$$00000004  c_w.l(libinit2.o)
    0x00000142   0x00000000   Code   RO          864    .ARM.Collect$$libinit$$0000000A  c_w.l(libinit2.o)
    0x00000142   0x00000000   Code   RO          866    .ARM.Collect$$libinit$$0000000C  c_w.l(libinit2.o)
    0x00000142   0x00000000   Code   RO          868    .ARM.Collect$$libinit$$0000000E  c_w.l(libinit2.o)
    0x00000142   0x00000000   Code   RO          871    .ARM.Collect$$libinit$$00000011  c_w.l(libinit2.o)
    0x00000142   0x00000000   Code   RO          873    .ARM.Collect$$libinit$$00000013  c_w.l(libinit2.o)
    0x00000142   0x00000000   Code   RO          875    .ARM.Collect$$libinit$$00000015  c_w.l(libinit2.o)
    0x00000142   0x00000000   Code   RO          877    .ARM.Collect$$libinit$$00000017  c_w.l(libinit2.o)
    0x00000142   0x00000000   Code   RO          879    .ARM.Collect$$libinit$$00000019  c_w.l(libinit2.o)
    0x00000142   0x00000000   Code   RO          881    .ARM.Collect$$libinit$$0000001B  c_w.l(libinit2.o)
    0x00000142   0x00000000   Code   RO          883    .ARM.Collect$$libinit$$0000001D  c_w.l(libinit2.o)
    0x00000142   0x00000000   Code   RO          885    .ARM.Collect$$libinit$$0000001F  c_w.l(libinit2.o)
    0x00000142   0x00000000   Code   RO          887    .ARM.Collect$$libinit$$00000021  c_w.l(libinit2.o)
    0x00000142   0x00000000   Code   RO          889    .ARM.Collect$$libinit$$00000023  c_w.l(libinit2.o)
    0x00000142   0x00000000   Code   RO          891    .ARM.Collect$$libinit$$00000025  c_w.l(libinit2.o)
    0x00000142   0x00000000   Code   RO          895    .ARM.Collect$$libinit$$0000002C  c_w.l(libinit2.o)
    0x00000142   0x00000000   Code   RO          897    .ARM.Collect$$libinit$$0000002E  c_w.l(libinit2.o)
    0x00000142   0x00000000   Code   RO          899    .ARM.Collect$$libinit$$00000030  c_w.l(libinit2.o)
    0x00000142   0x00000000   Code   RO          901    .ARM.Collect$$libinit$$00000032  c_w.l(libinit2.o)
    0x00000142   0x00000002   Code   RO          902    .ARM.Collect$$libinit$$00000033  c_w.l(libinit2.o)
    0x00000144   0x00000002   Code   RO          933    .ARM.Collect$$libshutdown$$00000000  c_w.l(libshutdown.o)
    0x00000146   0x00000000   Code   RO          960    .ARM.Collect$$libshutdown$$00000003  c_w.l(libshutdown2.o)
    0x00000146   0x00000000   Code   RO          963    .ARM.Collect$$libshutdown$$00000006  c_w.l(libshutdown2.o)
    0x00000146   0x00000000   Code   RO          966    .ARM.Collect$$libshutdown$$00000009  c_w.l(libshutdown2.o)
    0x00000146   0x00000000   Code   RO          968    .ARM.Collect$$libshutdown$$0000000B  c_w.l(libshutdown2.o)
    0x00000146   0x00000000   Code   RO          971    .ARM.Collect$$libshutdown$$0000000E  c_w.l(libshutdown2.o)
    0x00000146   0x00000002   Code   RO          972    .ARM.Collect$$libshutdown$$0000000F  c_w.l(libshutdown2.o)
    0x00000148   0x00000000   Code   RO          811    .ARM.Collect$$rtentry$$00000000  c_w.l(__rtentry.o)
    0x00000148   0x00000000   Code   RO          817    .ARM.Collect$$rtentry$$00000002  c_w.l(__rtentry2.o)
    0x00000148   0x00000006   Code   RO          829    .ARM.Collect$$rtentry$$00000004  c_w.l(__rtentry4.o)
    0x0000014e   0x00000000   Code   RO          819    .ARM.Collect$$rtentry$$00000009  c_w.l(__rtentry2.o)
    0x0000014e   0x00000004   Code   RO          820    .ARM.Collect$$rtentry$$0000000A  c_w.l(__rtentry2.o)
    0x00000152   0x00000000   Code   RO          822    .ARM.Collect$$rtentry$$0000000C  c_w.l(__rtentry2.o)
    0x00000152   0x00000008   Code   RO          823    .ARM.Collect$$rtentry$$0000000D  c_w.l(__rtentry2.o)
    0x0000015a   0x00000002   Code   RO          850    .ARM.Collect$$rtexit$$00000000  c_w.l(rtexit.o)
    0x0000015c   0x00000000   Code   RO          906    .ARM.Collect$$rtexit$$00000002  c_w.l(rtexit2.o)
    0x0000015c   0x00000004   Code   RO          907    .ARM.Collect$$rtexit$$00000003  c_w.l(rtexit2.o)
    0x00000160   0x00000006   Code   RO          908    .ARM.Collect$$rtexit$$00000004  c_w.l(rtexit2.o)
    0x00000166   0x00000002   PAD
    0x00000168   0x0000003c   Code   RO          754    .text               startup_lpc17xx.o
    0x000001a4   0x00000006   Code   RO          807    .text               c_w.l(heapauxi.o)
    0x000001aa   0x0000004a   Code   RO          833    .text               c_w.l(sys_stackheap_outer.o)
    0x000001f4   0x0000000c   Code   RO          835    .text               c_w.l(exit.o)
    0x00000200   0x00000008   Code   RO          847    .text               c_w.l(libspace.o)
    0x00000208   0x0000000c   Code   RO          903    .text               c_w.l(sys_exit.o)
    0x00000214   0x00000002   Code   RO          922    .text               c_w.l(use_no_semi.o)
    0x00000216   0x00000000   Code   RO          924    .text               c_w.l(indicate_semi.o)
    0x00000216   0x00000002   PAD
    0x00000218   0x00000018   Code   RO          671    i.NVIC_DisableIRQ   timers.o
    0x00000230   0x00000016   Code   RO          672    i.NVIC_EnableIRQ    timers.o
    0x00000246   0x00000002   PAD
    0x00000248   0x00000034   Code   RO          673    i.TIMER0_IRQHandler  timers.o
    0x0000027c   0x00000048   Code   RO          674    i.TIMER1_IRQHandler  timers.o
    0x000002c4   0x00000010   Code   RO          160    i.cmd               lcd.o
    0x000002d4   0x00000020   Code   RO          549    i.cmd_touch         touch.o
    0x000002f4   0x00000002   Code   RO          384    i.install_page_0_time_bar  circle_machine.o
    0x000002f6   0x00000004   Code   RO            5    i.main              0.o
    0x000002fa   0x00000002   PAD
    0x000002fc   0x00000004   Code   RO          753    .ARM.__at_0x02FC    startup_lpc17xx.o
    0x00000300   0x000000e0   Code   RO          764    i.SystemInit        system_lpc17xx.o
    0x000003e0   0x0000003c   Code   RO          130    i.adc_simple_mode_power  adc.o
    0x0000041c   0x0000005c   Code   RO          548    i.check_touch       touch.o
    0x00000478   0x00000088   Code   RO          381    i.cicle             circle_machine.o
    0x00000500   0x00000468   Code   RO            4    i.control           0.o
    0x00000968   0x00000068   Code   RO          461    i.control_page_1_bar  page_1_bar_time.o
    0x000009d0   0x00000030   Code   RO          161    i.copy_img_colour_bar  lcd.o
    0x00000a00   0x00000060   Code   RO          382    i.cos_t             circle_machine.o
    0x00000a60   0x00000010   Code   RO          162    i.data              lcd.o
    0x00000a70   0x00000012   Code   RO          550    i.delay_chip        touch.o
    0x00000a82   0x00000002   PAD
    0x00000a84   0x0000000c   Code   RO          551    i.disable_touch     touch.o
    0x00000a90   0x00000178   Code   RO          383    i.draw_num_high_size_font  circle_machine.o
    0x00000c08   0x0000000c   Code   RO          552    i.enable_touch      touch.o
    0x00000c14   0x00000068   Code   RO          462    i.install_bar_1_page_1  page_1_bar_time.o
    0x00000c7c   0x0000005c   Code   RO          301    i.install_menu_machine  menu.o
    0x00000cd8   0x00000108   Code   RO          302    i.install_page_0    menu.o
    0x00000de0   0x00000018   Code   RO          163    i.lcd_cs_disable    lcd.o
    0x00000df8   0x00000018   Code   RO          164    i.lcd_cs_enable     lcd.o
    0x00000e10   0x0000000a   Code   RO          165    i.lcd_delay_func    lcd.o
    0x00000e1a   0x000000a4   Code   RO          166    i.lcd_set_draw_area  lcd.o
    0x00000ebe   0x00000002   PAD
    0x00000ec0   0x00000010   Code   RO          167    i.lcd_switch_cmd    lcd.o
    0x00000ed0   0x00000010   Code   RO          168    i.lcd_switch_data   lcd.o
    0x00000ee0   0x00000024   Code   RO          675    i.normal_mode_operation  timers.o
    0x00000f04   0x00000124   Code   RO          385    i.page_0_print_a_number  circle_machine.o
    0x00001028   0x00000058   Code   RO          303    i.page_1_install    menu.o
    0x00001080   0x00000098   Code   RO          386    i.pixel             circle_machine.o
    0x00001118   0x000000ac   Code   RO          463    i.pixel_t           page_1_bar_time.o
    0x000011c4   0x00000098   Code   RO          387    i.pixel_text_func_page_0  circle_machine.o
    0x0000125c   0x00000124   Code   RO          388    i.print_power_factor  circle_machine.o
    0x00001380   0x0000002c   Code   RO          464    i.put_box_colour    page_1_bar_time.o
    0x000013ac   0x00000022   Code   RO          553    i.read_ad_touch     touch.o
    0x000013ce   0x00000026   Code   RO          554    i.read_x            touch.o
    0x000013f4   0x0000001a   Code   RO          555    i.read_x_y          touch.o
    0x0000140e   0x00000026   Code   RO          556    i.read_y            touch.o
    0x00001434   0x0000002c   Code   RO          131    i.setup_adc         adc.o
    0x00001460   0x0000022c   Code   RO          170    i.setup_lcd_base    lcd.o
    0x0000168c   0x0000005c   Code   RO           94    i.setup_pwm         pwm.o
    0x000016e8   0x00000044   Code   RO          557    i.setup_touch_interface  touch.o
    0x0000172c   0x00000060   Code   RO          389    i.sin_t             circle_machine.o
    0x0000178c   0x00000034   Code   RO          676    i.start_timer_on_off  timers.o
    0x000017c0   0x00000038   Code   RO           95    i.stop_pwm          pwm.o
    0x000017f8   0x00000012   Code   RO          677    i.stop_timer_on_off  timers.o
    0x0000180a   0x00000002   PAD
    0x0000180c   0x000000cc   Code   RO          678    i.sweep_mode_operation  timers.o
    0x000018d8   0x0000022c   Code   RO          558    i.touch_read        touch.o
    0x00001b04   0x00000074   Code   RO          679    i.turn_on_module    timers.o
    0x00001b78   0x00000080   Code   RO          171    i.update_lcd_page   lcd.o
    0x00001bf8   0x0000021c   Code   RO          304    i.update_page_0     menu.o
    0x00001e14   0x000000f8   Code   RO          305    i.update_page_1     menu.o
    0x00001f0c   0x00000028   Code   RO          306    i.update_page_3     menu.o
    0x00001f34   0x000000f0   Code   RO          307    i.update_page_3_button  menu.o
    0x00002024   0x00000080   Code   RO           96    i.update_pwm        pwm.o
    0x000020a4   0x00000094   Code   RO            6    i.update_req_from_on_off_tim  0.o
    0x00002138   0x00000018   Code   RO          172    i.write_lcd         lcd.o
    0x00002150   0x0000009c   Code   RO          173    i.write_page        lcd.o
    0x000021ec   0x0000009c   Code   RO          174    i.write_page_dynamic_addr  lcd.o
    0x00002288   0x0000271a   Data   RO          272    .constdata          button.o
    0x000049a2   0x00003a02   Data   RO          365    .constdata          code.o
    0x000083a4   0x000003ec   Data   RO          390    .constdata          circle_machine.o
    0x00008790   0x00000710   Data   RO          507    .constdata          r1.o
    0x00008ea0   0x0000085a   Data   RO          519    .constdata          dec_inc.o
    0x000096fa   0x0000057c   Data   RO          532    .constdata          f34x.o
    0x00009c76   0x00000048   Data   RO          559    .constdata          touch.o
    0x00009cbe   0x00000002   PAD
    0x00009cc0   0x00000020   Data   RO          973    Region$$Table       anon$$obj.o


    Execution Region RW_IRAM1 (Base: 0x10000000, Size: 0x00004200, Max: 0x00008000, ABSOLUTE)

    Base Addr    Size         Type   Attr      Idx    E Section Name        Object

    0x10000000   0x00000020   Data   RW          176    .data               lcd.o
    0x10000020   0x0000002e   Data   RW          308    .data               menu.o
    0x1000004e   0x00000002   PAD
    0x10000050   0x00000008   Data   RW          391    .data               circle_machine.o
    0x10000058   0x00000005   Data   RW          465    .data               page_1_bar_time.o
    0x1000005d   0x00000003   PAD
    0x10000060   0x00000004   Data   RW          681    .data               timers.o
    0x10000064   0x00000018   Zero   RW            7    .bss                0.o
    0x1000007c   0x00003e50   Zero   RW          175    .bss                lcd.o
    0x10003ecc   0x000000d0   Zero   RW          680    .bss                timers.o
    0x10003f9c   0x00000060   Zero   RW          848    .bss                c_w.l(libspace.o)
    0x10003ffc   0x00000004   PAD
    0x10004000   0x00000000   Zero   RW          751    HEAP                startup_lpc17xx.o
    0x10004000   0x00000200   Zero   RW          750    STACK               startup_lpc17xx.o


==============================================================================

Image component sizes


      Code (inc. data)   RO Data    RW Data    ZI Data      Debug   Object Name

      1280        120          0          0         24      24885   0.o
       104         24          0          0          0        864   adc.o
         0          0      10010          0          0        710   button.o
      1594         74       1004          8          0       6557   circle_machine.o
         0          0      14850          0          0        871   code.o
         0          0       2138          0          0        994   dec_inc.o
         0          0       1404          0          0        459   f34x.o
      1354         76          0         32      15952       8167   lcd.o
      1512        242          0         46          0       5826   menu.o
       424         48          0          5          0       2387   page_1_bar_time.o
       276         28          0          0          0       1552   pwm.o
         0          0       1808          0          0        420   r1.o
        64         26        204          0        512       1004   startup_lpc17xx.o
       224         18          0          0          0        529   system_lpc17xx.o
       596         66          0          4        208      28299   timers.o
       926         36         72          0          0       6037   touch.o

    ----------------------------------------------------------------------
      8364        758      31524        100      16696      89561   Object Totals
         0          0         32          0          0          0   (incl. Generated)
        10          0          2          5          0          0   (incl. Padding)

    ----------------------------------------------------------------------

      Code (inc. data)   RO Data    RW Data    ZI Data      Debug   Library Member Name

         8          0          0          0          0         68   __main.o
         0          0          0          0          0          0   __rtentry.o
        12          0          0          0          0          0   __rtentry2.o
         6          0          0          0          0          0   __rtentry4.o
        52          8          0          0          0          0   __scatter.o
        26          0          0          0          0          0   __scatter_copy.o
        28          0          0          0          0          0   __scatter_zi.o
        12          0          0          0          0         72   exit.o
         6          0          0          0          0        152   heapauxi.o
         0          0          0          0          0          0   indicate_semi.o
         2          0          0          0          0          0   libinit.o
         2          0          0          0          0          0   libinit2.o
         2          0          0          0          0          0   libshutdown.o
         2          0          0          0          0          0   libshutdown2.o
         8          4          0          0         96         68   libspace.o
         2          0          0          0          0          0   rtexit.o
        10          0          0          0          0          0   rtexit2.o
        12          4          0          0          0         68   sys_exit.o
        74          0          0          0          0         80   sys_stackheap_outer.o
         2          0          0          0          0         68   use_no_semi.o

    ----------------------------------------------------------------------
       272         16          0          0        100        576   Library Totals
         6          0          0          0          4          0   (incl. Padding)

    ----------------------------------------------------------------------

      Code (inc. data)   RO Data    RW Data    ZI Data      Debug   Library Name

       266         16          0          0         96        576   c_w.l

    ----------------------------------------------------------------------
       272         16          0          0        100        576   Library Totals

    ----------------------------------------------------------------------

==============================================================================


      Code (inc. data)   RO Data    RW Data    ZI Data      Debug   

      8636        774      31524        100      16796      86909   Grand Totals
      8636        774      31524        100      16796      86909   ELF Image Totals
      8636        774      31524        100          0          0   ROM Totals

==============================================================================

    Total RO  Size (Code + RO Data)                40160 (  39.22kB)
    Total RW  Size (RW Data + ZI Data)             16896 (  16.50kB)
    Total ROM Size (Code + RO Data + RW Data)      40260 (  39.32kB)

==============================================================================

